Microchip MPLAB XC8 Compiler V1.30 ()

Linker command line:

--edf=D:\Program Files (x86)\Microchip\xc8\v1.30\dat\en_msgs.txt -cs \
  -h+aj-b-dk-net-v0.3.sym --cmf=aj-b-dk-net-v0.3.cmf -z -Q16F1947 \
  -oC:\Users\ADMINI~1\AppData\Local\Temp\skpo.6 -Maj-b-dk-net-v0.3.map -E1 \
  -ver=XC8 -ASTACK=020B0h-0231fh -pstack=STACK -ACONST=00h-0FFhx64 \
  -ACODE=00h-07FFhx8 -ASTRCODE=00h-03FFFh -AENTRY=00h-0FFhx64 \
  -ASTRING=00h-0FFhx64 -ACOMMON=070h-07Fh -ABANK0=020h-06Fh \
  -ABANK1=0A0h-0EFh -ABANK2=0120h-016Fh -ABANK3=01A0h-01EFh \
  -ABANK4=0220h-026Fh -ABANK5=02A0h-02EFh -ABANK6=0320h-036Fh \
  -ABANK7=03A0h-03EFh -ABANK8=0420h-046Fh -ABANK9=04A0h-04EFh \
  -ABANK10=0520h-056Fh -ABANK11=05A0h-05EFh -ABANK12=0620h-064Fh \
  -ABIGRAM=02000h-023EFh \
  -ARAM=020h-06Fh,0A0h-0EFh,0120h-016Fh,01A0h-01EFh,0220h-026Fh,02A0h-02EFh,0320h-036Fh,03A0h-03EFh,0420h-046Fh,04A0h-04EFh,0520h-056Fh,05A0h-05EFh,0620h-064Fh \
  -AABS1=020h-07Fh,0A0h-0EFh,0120h-016Fh,01A0h-01EFh,0220h-026Fh,02A0h-02EFh,0320h-036Fh,03A0h-03EFh,0420h-046Fh,04A0h-04EFh,0520h-056Fh,05A0h-05EFh,0620h-064Fh \
  -ASFR0=00h-01Fh -ASFR1=080h-09Fh -ASFR2=0100h-011Fh -ASFR3=0180h-019Fh \
  -ASFR4=0200h-021Fh -ASFR5=0280h-029Fh -ASFR6=0300h-031Fh \
  -ASFR7=0380h-039Fh -ASFR8=0400h-041Fh -ASFR9=0480h-049Fh \
  -ASFR10=0500h-051Fh -ASFR11=0580h-059Fh -ASFR12=0600h-061Fh \
  -ASFR13=0680h-06EFh -ASFR14=0700h-076Fh -ASFR15=0780h-07EFh \
  -ASFR16=0800h-086Fh -ASFR17=0880h-08EFh -ASFR18=0900h-096Fh \
  -ASFR19=0980h-09EFh -ASFR20=0A00h-0A6Fh -ASFR21=0A80h-0AEFh \
  -ASFR22=0B00h-0B6Fh -ASFR23=0B80h-0BEFh -ASFR24=0C00h-0C6Fh \
  -ASFR25=0C80h-0CEFh -ASFR26=0D00h-0D6Fh -ASFR27=0D80h-0DEFh \
  -ASFR28=0E00h-0E6Fh -ASFR29=0E80h-0EEFh -ASFR30=0F00h-0F6Fh \
  -ASFR31=0F80h-0FEFh -preset_vec=00h,intentry=04h,init,end_init \
  -ppowerup=CODE -pcinit=CODE -pfunctab=CODE -ACONFIG=08007h-08008h \
  -pconfig=CONFIG -DCONFIG=2 -AIDLOC=08000h-08003h -pidloc=IDLOC -DIDLOC=2 \
  -AEEDATA=00h-0FFh/0F000h -peeprom_data=EEDATA -DEEDATA=2 -DCODE=2 \
  -DSTRCODE=2 -DSTRING=2 -DCONST=2 -DENTRY=2 -k \
  C:\Users\ADMINI~1\AppData\Local\Temp\skpo.obj aj-b-dk-net-v0.3.obj 

Object code version is 3.11

Machine type is 16F1947



                Name                               Link     Load   Length Selector   Space Scale
C:\Users\ADMINI~1\AppData\Local\Temp\skpo.obj
                end_init                             77       77        2        8       0
                reset_vec                             0        0        2        0       0
                config                             8007     8007        2    1000E       0
aj-b-dk-net-v0.3.obj
                cinit                                79       79       27        8       0
                intentry                              4        4       73        8       0
                eeprom_data                           0     F000        8    1E000       3
                text21_split_1                       A0       A0      6E6        8       0
                text41                             1418     1418      3E8     2830       0
                text33                             102F     102F       40     205E       0
                swtext1                            1000     1000       10     2000       0
                text26                             1016     1016       19     202C       0
                text21                             1106     1106      16E     220C       0
                text19                              7E8      7E8       18        8       0
                text16                             1274     1274      1A4     24E8       0
                text15                              786      786       62        8       0
                text1                              106F     106F       97     20DE       0
                maintext                            803      803      7FD     1006       0
                cstackBANK0                          20       20       27       20       1
                cstackCOMMON                         70       70        E       70       1
                clrtext                            1010     1010        6     2020       0
                bssBANK2                            120      120       10      120       1
                dataBANK1                            E0       E0        6       A0       1
                bssBANK1                             A0       A0       40       A0       1
                bssBANK0                             47       47       25       20       1
                nvBANK1                              E6       E6        3       A0       1
                nvBANK0                              6C       6C        4       20       1
                stringtext                         1800     1800      106       30       0

TOTAL           Name                               Link     Load   Length     Space
        CLASS   STACK          

        CLASS   CONST          
                swtext1                            1000     1000       10         0

        CLASS   CODE           
                end_init                             77       77        2         0
                cinit                                79       79       27         0
                intentry                              4        4       73         0
                reset_vec                             0        0        2         0
                text21_split_1                       A0       A0      6E6         0
                text41                             1418     1418      3E8         0
                text33                             102F     102F       40         0
                text26                             1016     1016       19         0
                text21                             1106     1106      16E         0
                text19                              7E8      7E8       18         0
                text16                             1274     1274      1A4         0
                text15                              786      786       62         0
                text1                              106F     106F       97         0
                maintext                            803      803      7FD         0
                clrtext                            1010     1010        6         0

        CLASS   STRCODE        
                stringtext                         1800     1800      106         0

        CLASS   ENTRY          

        CLASS   STRING         

        CLASS   COMMON         
                cstackCOMMON                         70       70        E         1

        CLASS   BANK0          
                cstackBANK0                          20       20       27         1
                bssBANK0                             47       47       25         1
                nvBANK0                              6C       6C        4         1

        CLASS   BANK1          
                dataBANK1                            E0       E0        6         1
                bssBANK1                             A0       A0       40         1
                nvBANK1                              E6       E6        3         1

        CLASS   BANK2          
                bssBANK2                            120      120       10         1

        CLASS   BANK3          

        CLASS   BANK4          

        CLASS   BANK5          

        CLASS   BANK6          

        CLASS   BANK7          

        CLASS   BANK8          

        CLASS   BANK9          

        CLASS   BANK10         

        CLASS   BANK11         

        CLASS   BANK12         

        CLASS   BIGRAM         

        CLASS   RAM            

        CLASS   ABS1           
                abs_s1                               7E       7E        2         1

        CLASS   SFR0           

        CLASS   SFR1           

        CLASS   SFR2           

        CLASS   SFR3           

        CLASS   SFR4           

        CLASS   SFR5           

        CLASS   SFR6           

        CLASS   SFR7           

        CLASS   SFR8           

        CLASS   SFR9           

        CLASS   SFR10          

        CLASS   SFR11          

        CLASS   SFR12          

        CLASS   SFR13          

        CLASS   SFR14          

        CLASS   SFR15          

        CLASS   SFR16          

        CLASS   SFR17          

        CLASS   SFR18          

        CLASS   SFR19          

        CLASS   SFR20          

        CLASS   SFR21          

        CLASS   SFR22          

        CLASS   SFR23          

        CLASS   SFR24          

        CLASS   SFR25          

        CLASS   SFR26          

        CLASS   SFR27          

        CLASS   SFR28          

        CLASS   SFR29          

        CLASS   SFR30          

        CLASS   SFR31          

        CLASS   CONFIG         
                config                             8007     8007        2         0

        CLASS   IDLOC          

        CLASS   EEDATA         
                eeprom_data                           0     F000        8         3

        CLASS   BANK31         

        CLASS   BANK30         

        CLASS   BANK29         

        CLASS   BANK28         

        CLASS   BANK27         

        CLASS   BANK26         

        CLASS   BANK25         

        CLASS   BANK24         

        CLASS   BANK23         

        CLASS   BANK22         

        CLASS   BANK21         

        CLASS   BANK20         

        CLASS   BANK19         

        CLASS   BANK18         

        CLASS   BANK17         

        CLASS   BANK16         

        CLASS   BANK15         

        CLASS   BANK14         

        CLASS   BANK13         



SEGMENTS        Name                           Load    Length   Top    Selector   Space  Class     Delta

                reset_vec                      000000  000002  000002         0       0  CODE        2
                intentry                       000004  0007FC  000800         8       0  CODE        2
                cstackBANK0                    000020  000050  000070        20       1  BANK0       1
                cstackCOMMON                   000070  00000E  00007E        70       1  COMMON      1
                bssBANK1                       0000A0  000049  0000E9        A0       1  BANK1       1
                bssBANK2                       000120  000010  000130       120       1  BANK2       1
                maintext                       000803  0007FD  001000      1006       0  CODE        2
                swtext1                        001000  000010  001010      2000       0  CONST       2
                clrtext                        001010  000006  001016      2020       0  CODE        2
                text26                         001016  000019  00102F      202C       0  CODE        2
                text33                         00102F  000040  00106F      205E       0  CODE        2
                text1                          00106F  000097  001106      20DE       0  CODE        2
                text21                         001106  00016E  001274      220C       0  CODE        2
                text16                         001274  0001A4  001418      24E8       0  CODE        2
                text41                         001418  0003E8  001800      2830       0  CODE        2
                stringtext                     001800  000106  001906        30       0  STRCODE     2
                config                         008007  000002  008009     1000E       0  CONFIG      2
                eeprom_data                    00F000  000008  00F008     1E000       3  EEDATA      2


UNUSED ADDRESS RANGES

        Name                Unused          Largest block    Delta
        BANK1            0000E9-0000EF                7           1
        BANK10           000520-00056F               50           1
        BANK11           0005A0-0005EF               50           1
        BANK12           000620-00064F               30           1
        BANK2            000130-00016F               40           1
        BANK3            0001A0-0001EF               50           1
        BANK4            000220-00026F               50           1
        BANK5            0002A0-0002EF               50           1
        BANK6            000320-00036F               50           1
        BANK7            0003A0-0003EF               50           1
        BANK8            000420-00046F               50           1
        BANK9            0004A0-0004EF               50           1
        BIGRAM           002000-0023EF              3F0           1
        CODE             000002-000003                2           2
                         000800-000802                3
                         001906-003FFF              800
        CONST            000002-000003                2           2
                         000800-000802                3
                         001906-003FFF              100
        EEDATA           00F008-00F0FF               F8           2
        ENTRY            000002-000003                2           2
                         000800-000802                3
                         001906-003FFF              100
        IDLOC            008000-008003                4           2
        RAM              0000E9-0000EF                7           1
                         000130-00016F               40
                         0001A0-0001EF               50
                         000220-00026F               50
                         0002A0-0002EF               50
                         000320-00036F               50
                         0003A0-0003EF               50
                         000420-00046F               50
                         0004A0-0004EF               50
                         000520-00056F               50
                         0005A0-0005EF               50
                         000620-00064F               30
        SFR0             000000-00001F               20           1
        SFR1             000080-00009F               20           1
        SFR10            000500-00051F               20           1
        SFR11            000580-00059F               20           1
        SFR12            000600-00061F               20           1
        SFR13            000680-0006EF               70           1
        SFR14            000700-00076F               70           1
        SFR15            000780-0007EF               70           1
        SFR16            000800-00086F               70           1
        SFR17            000880-0008EF               70           1
        SFR18            000900-00096F               70           1
        SFR19            000980-0009EF               70           1
        SFR2             000100-00011F               20           1
        SFR20            000A00-000A6F               70           1
        SFR21            000A80-000AEF               70           1
        SFR22            000B00-000B6F               70           1
        SFR23            000B80-000BEF               70           1
        SFR24            000C00-000C6F               70           1
        SFR25            000C80-000CEF               70           1
        SFR26            000D00-000D6F               70           1
        SFR27            000D80-000DEF               70           1
        SFR28            000E00-000E6F               70           1
        SFR29            000E80-000EEF               70           1
        SFR3             000180-00019F               20           1
        SFR30            000F00-000F6F               70           1
        SFR31            000F80-000FEF               70           1
        SFR4             000200-00021F               20           1
        SFR5             000280-00029F               20           1
        SFR6             000300-00031F               20           1
        SFR7             000380-00039F               20           1
        SFR8             000400-00041F               20           1
        SFR9             000480-00049F               20           1
        STACK            0020B0-00231F              270           1
        STRCODE          000002-000003                2           2
                         000800-000802                3
                         001906-003FFF             26FA
        STRING           000002-000003                2           2
                         000800-000802                3
                         001906-003FFF              100

                                  Symbol Table

?___awdiv                           cstackCOMMON 000070
ClearBitMask@mask                   cstackCOMMON 000075
ClearBitMask@reg                    cstackCOMMON 000077
ClearBitMask@tmp                    cstackCOMMON 000076
GetRC500@address                    cstackCOMMON 000070
GetRC500@tmp                        cstackCOMMON 000071
ISR_RC500@cnt                       cstackCOMMON 000078
ISR_RC500@irqBits                   cstackCOMMON 00007A
ISR_RC500@irqMask                   cstackCOMMON 000076
ISR_RC500@nbytes                    cstackCOMMON 000079
ISR_RC500@oldPageSelect             cstackCOMMON 000077
Mf500HostCodeKey@an                 cstackCOMMON 000072
Mf500HostCodeKey@cnt                cstackCOMMON 000076
Mf500HostCodeKey@coded              cstackCOMMON 000070
Mf500HostCodeKey@hn                 cstackCOMMON 000074
Mf500HostCodeKey@ln                 cstackCOMMON 000075
Mf500HostCodeKey@uncoded            cstackCOMMON 000073
Mf500PiccAnticoll@bcnt              cstackBANK0  00003D
Mf500PiccAnticoll@snr               cstackCOMMON 00007D
Mf500PiccAuthState@auth_mode        cstackBANK0  00002A
Mf500PiccAuthState@block            cstackCOMMON 00007C
Mf500PiccAuthState@ret_status       cstackBANK0  00002B
Mf500PiccAuthState@snr              cstackCOMMON 00007B
Mf500PiccCascAnticoll@bcnt          cstackCOMMON 00007B
Mf500PiccCascAnticoll@byteOffset    cstackBANK0  000034
Mf500PiccCascAnticoll@complete      cstackBANK0  000033
Mf500PiccCascAnticoll@dummyShift1   cstackBANK0  000032
Mf500PiccCascAnticoll@dummyShift2   cstackBANK0  000031
Mf500PiccCascAnticoll@i             cstackBANK0  00003C
Mf500PiccCascAnticoll@nbits         cstackBANK0  00003B
Mf500PiccCascAnticoll@nbytes        cstackBANK0  000039
Mf500PiccCascAnticoll@ret_status    cstackBANK0  00003A
Mf500PiccCascAnticoll@select_code   cstackBANK0  00002E
Mf500PiccCascAnticoll@snr           cstackCOMMON 00007C
Mf500PiccCascAnticoll@snr_check     cstackBANK0  000030
Mf500PiccCascAnticoll@snr_crc       cstackBANK0  00002F
Mf500PiccCascAnticoll@snr_in        cstackBANK0  000035
Mf500PiccCascSelect@ret_status      cstackCOMMON 00007D
Mf500PiccCascSelect@select_code     cstackCOMMON 00007C
Mf500PiccCascSelect@snr             cstackCOMMON 00007B
Mf500PiccCommonRequest@atq          cstackCOMMON 00007B
Mf500PiccCommonRequest@req_code     cstackCOMMON 00007C
Mf500PiccCommonRequest@ret_status   cstackCOMMON 00007D
Mf500PiccLoadKey@keys               cstackCOMMON 00007C
Mf500PiccLoadKey@ret_status         cstackCOMMON 00007B
Mf500PiccRead@addr                  cstackBANK0  00002A
Mf500PiccRead@data1                 cstackCOMMON 00007B
Mf500PiccRead@i                     cstackBANK0  00002C
Mf500PiccRead@ret_status            cstackBANK0  00002B
Mf500PiccRequest@atq                cstackBANK0  00002A
Mf500PiccRequest@req_code           cstackBANK0  00002B
Mf500PiccSelect@snr                 cstackBANK0  00002A
Mf500PiccWrite@addr                 cstackCOMMON 00007C
Mf500PiccWrite@data1                cstackCOMMON 00007B
Mf500PiccWrite@ret_status           cstackCOMMON 00007D
PL10                                text41       0017EB
PL12                                text16       0013FF
PL14                                maintext     000FBE
PL16                                text41       0017F3
PL18                                text41       0017FA
PL2                                 text41       0017E2
PL20                                maintext     000FC5
PL22                                text16       001407
PL24                                text16       00140D
PL26                                text16       001413
PL4                                 maintext     000FA2
PL6                                 maintext     000FAB
PL8                                 maintext     000FB5
PcdReset@count01                    cstackCOMMON 000073
PcdReset@count02                    cstackCOMMON 000075
PcdReset@i                          cstackCOMMON 000078
PcdReset@ret_status                 cstackCOMMON 000077
PcdRfReset@i                        cstackCOMMON 00007A
PcdRfReset@ms                       cstackCOMMON 000079
PcdSetTmo@tmoLength                 cstackCOMMON 000075
PcdSingleResponseCmd@cmd            cstackBANK0  000025
PcdSingleResponseCmd@count01        cstackBANK0  000020
PcdSingleResponseCmd@count02        cstackBANK0  000022
PcdSingleResponseCmd@irqEn          cstackBANK0  000026
PcdSingleResponseCmd@lastBits       cstackBANK0  000024
PcdSingleResponseCmd@ret_status     cstackBANK0  000028
PcdSingleResponseCmd@tmpStatus      cstackBANK0  000029
PcdSingleResponseCmd@waitFor        cstackBANK0  000027
PutRC500@address                    cstackCOMMON 000071
PutRC500@data                       cstackCOMMON 000070
RC500Config@i                       cstackCOMMON 00007D
RC500Config@ret_status              cstackCOMMON 00007C
RC500OutSelect@type                 cstackCOMMON 000075
ReadRC@address                      cstackCOMMON 000073
SetBitMask@mask                     cstackCOMMON 000075
SetBitMask@reg                      cstackCOMMON 000077
SetBitMask@tmp                      cstackCOMMON 000076
WriteRC@address                     cstackCOMMON 000074
WriteRC@data                        cstackCOMMON 000072
_ANSELA                             (abs)        00018C
_ANSELE                             (abs)        000190
_ANSELF                             (abs)        00040C
_ANSELG                             (abs)        00040D
_BAUD1CON                           (abs)        00019F
_BAUD2CON                           (abs)        000497
_ClearBitMask                       text15       0007DD
_EEADR                              (abs)        000191
_EEDATA                             (abs)        000193
_EEPGD                              (abs)        000CAF
_FlushFIFO                          maintext     000E66
_GIE                                (abs)        00005F
_GetRC500                           text16       0013E9
_ISR_RC500                          text16       0012E8
_LATEbits                           (abs)        000110
_LATGbits                           (abs)        00038D
_MInfo                              bssBANK0     000064
_MRcvBuffer                         bssBANK1     0000A6
_MSndBuffer                         bssBANK1     0000B6
_Mf500HostCodeKey                   maintext     000F4E
_Mf500PiccAnticoll                  maintext     000F9A
_Mf500PiccAuthState                 text41       001418
_Mf500PiccCascAnticoll              text41       0014D5
_Mf500PiccCascSelect                text15       0007A0
_Mf500PiccCommonRequest             maintext     000E6B
_Mf500PiccLoadKey                   maintext     000F37
_Mf500PiccRead                      maintext     000E0C
_Mf500PiccRequest                   maintext     000FCB
_Mf500PiccSelect                    maintext     000F85
_Mf500PiccWrite                     text41       001466
_MpIsrIn                            bssBANK0     000053
_MpIsrInfo                          bssBANK0     000054
_MpIsrOut                           bssBANK0     000055
_OSCCON                             (abs)        000099
_PEIE                               (abs)        00005E
_PORTD                              (abs)        00000F
_PWD_TABLE                          stringtext   001801
_PcdReset                           text16       001274
_PcdRfReset                         text15       000786
_PcdSetTmo                          text41       001623
_PcdSingleResponseCmd               text41       001664
_PutRC500                           text16       0013D0
_RA0                                (abs)        000060
_RA1                                (abs)        000061
_RB4                                (abs)        00006C
_RB5                                (abs)        00006D
_RC0                                (abs)        000070
_RC1                                (abs)        000071
_RC1IE                              (abs)        00048D
_RC1IF                              (abs)        00008D
_RC1REG                             (abs)        000199
_RC1STA                             (abs)        00019D
_RC2                                (abs)        000072
_RC2IE                              (abs)        0004A5
_RC2IF                              (abs)        0000A5
_RC2REG                             (abs)        000491
_RC2STA                             (abs)        000495
_RC3                                (abs)        000073
_RC4                                (abs)        000074
_RC5                                (abs)        000075
_RC500Config                        text41       00176D
_RC500OutSelect                     text1        0010FF
_RD                                 (abs)        000CA8
_ReadRC                             text41       0017CB
_SP1BRGH                            (abs)        00019C
_SP1BRGL                            (abs)        00019B
_SP2BRGH                            (abs)        000494
_SP2BRGL                            (abs)        000493
_SetBitMask                         text41       0017DA
_T1CON                              (abs)        000018
_TMR1H                              (abs)        000017
_TMR1IE                             (abs)        000488
_TMR1IF                             (abs)        000088
_TMR1L                              (abs)        000016
_TRISAbits                          (abs)        00008C
_TRISCbits                          (abs)        00008E
_TRISD                              (abs)        00008F
_TRISEbits                          (abs)        000090
_TRISGbits                          (abs)        00030D
_TX1REG                             (abs)        00019A
_TX1STA                             (abs)        00019E
_TX1STAbits                         (abs)        00019E
_TX2STA                             (abs)        000496
_WriteRC                            text41       0017BA
__Babs1                             abs1         01E010
__Bbank0                            bank0        01E010
__Bbank1                            bank1        01E010
__Bbank10                           bank10       01E010
__Bbank11                           bank11       01E010
__Bbank12                           bank12       01E010
__Bbank13                           bank13       01E010
__Bbank14                           bank14       01E010
__Bbank15                           bank15       01E010
__Bbank16                           bank16       01E010
__Bbank17                           bank17       01E010
__Bbank18                           bank18       01E010
__Bbank19                           bank19       01E010
__Bbank2                            bank2        01E010
__Bbank20                           bank20       01E010
__Bbank21                           bank21       01E010
__Bbank22                           bank22       01E010
__Bbank23                           bank23       01E010
__Bbank24                           bank24       01E010
__Bbank25                           bank25       01E010
__Bbank26                           bank26       01E010
__Bbank27                           bank27       01E010
__Bbank28                           bank28       01E010
__Bbank29                           bank29       01E010
__Bbank3                            bank3        01E010
__Bbank30                           bank30       01E010
__Bbank31                           bank31       01E010
__Bbank4                            bank4        01E010
__Bbank5                            bank5        01E010
__Bbank6                            bank6        01E010
__Bbank7                            bank7        01E010
__Bbank8                            bank8        01E010
__Bbank9                            bank9        01E010
__Bbigram                           bigram       01E010
__BbssBANK0                         bssBANK0     01E010
__BbssBANK1                         bssBANK1     01E010
__BbssBANK2                         bssBANK2     01E010
__Bclrtext                          clrtext      01E010
__Bcode                             code         01E010
__Bcommon                           common       01E010
__BcstackBANK0                      cstackBANK0  01E010
__BcstackCOMMON                     cstackCOMMON 01E010
__BdataBANK1                        dataBANK1    01E010
__Beeprom_data                      eeprom_data  00F000
__BidataBANK1                       idataBANK1   01E010
__Bmaintext                         maintext     01E010
__BnvBANK0                          nvBANK0      01E010
__BnvBANK1                          nvBANK1      01E010
__Bpa_nodes                         pa_nodes     01E010
__Bram                              ram          01E010
__Bsfr0                             sfr0         01E010
__Bsfr1                             sfr1         01E010
__Bsfr10                            sfr10        01E010
__Bsfr11                            sfr11        01E010
__Bsfr12                            sfr12        01E010
__Bsfr13                            sfr13        01E010
__Bsfr14                            sfr14        01E010
__Bsfr15                            sfr15        01E010
__Bsfr16                            sfr16        01E010
__Bsfr17                            sfr17        01E010
__Bsfr18                            sfr18        01E010
__Bsfr19                            sfr19        01E010
__Bsfr2                             sfr2         01E010
__Bsfr20                            sfr20        01E010
__Bsfr21                            sfr21        01E010
__Bsfr22                            sfr22        01E010
__Bsfr23                            sfr23        01E010
__Bsfr24                            sfr24        01E010
__Bsfr25                            sfr25        01E010
__Bsfr26                            sfr26        01E010
__Bsfr27                            sfr27        01E010
__Bsfr28                            sfr28        01E010
__Bsfr29                            sfr29        01E010
__Bsfr3                             sfr3         01E010
__Bsfr30                            sfr30        01E010
__Bsfr31                            sfr31        01E010
__Bsfr4                             sfr4         01E010
__Bsfr5                             sfr5         01E010
__Bsfr6                             sfr6         01E010
__Bsfr7                             sfr7         01E010
__Bsfr8                             sfr8         01E010
__Bsfr9                             sfr9         01E010
__Bstrings                          strings      01E010
__Bstringtext                       stringtext   01E010
__Btext                             text         01E010
__CFG_FCMEN$OFF                     (abs)        000000
__CFG_FOSC$INTOSC                   (abs)        000000
__CFG_PLLEN$OFF                     (abs)        000000
__CFG_WDTE$ON                       (abs)        000000
__Habs1                             abs1         000010
__Hbank0                            bank0        000010
__Hbank1                            bank1        000010
__Hbank10                           bank10       000010
__Hbank11                           bank11       000010
__Hbank12                           bank12       000010
__Hbank13                           bank13       000010
__Hbank14                           bank14       000010
__Hbank15                           bank15       000010
__Hbank16                           bank16       000010
__Hbank17                           bank17       000010
__Hbank18                           bank18       000010
__Hbank19                           bank19       000010
__Hbank2                            bank2        000010
__Hbank20                           bank20       000010
__Hbank21                           bank21       000010
__Hbank22                           bank22       000010
__Hbank23                           bank23       000010
__Hbank24                           bank24       000010
__Hbank25                           bank25       000010
__Hbank26                           bank26       000010
__Hbank27                           bank27       000010
__Hbank28                           bank28       000010
__Hbank29                           bank29       000010
__Hbank3                            bank3        000010
__Hbank30                           bank30       000010
__Hbank31                           bank31       000010
__Hbank4                            bank4        000010
__Hbank5                            bank5        000010
__Hbank6                            bank6        000010
__Hbank7                            bank7        000010
__Hbank8                            bank8        000010
__Hbank9                            bank9        000010
__Hbigram                           bigram       000010
__HbssBANK0                         bssBANK0     000010
__HbssBANK1                         bssBANK1     000010
__HbssBANK2                         bssBANK2     000010
__Hcinit                            cinit        0000A0
__Hclrtext                          clrtext      000010
__Hcode                             code         000010
__Hcommon                           common       000010
__Hconfig                           config       008009
__HcstackBANK0                      cstackBANK0  000010
__HcstackCOMMON                     cstackCOMMON 000010
__HdataBANK1                        dataBANK1    000010
__Heeprom_data                      eeprom_data  000008
__Hend_init                         end_init     000079
__Hfunctab                          functab      000000
__HidataBANK1                       idataBANK1   000010
__Hidloc                            idloc        000000
__Hinit                             init         000077
__Hintentry                         intentry     000077
__Hmaintext                         maintext     000010
__HnvBANK0                          nvBANK0      000010
__HnvBANK1                          nvBANK1      000010
__Hpa_nodes                         pa_nodes     000010
__Hpowerup                          powerup      000000
__Hram                              ram          000010
__Hreset_vec                        reset_vec    000002
__Hsfr0                             sfr0         000010
__Hsfr1                             sfr1         000010
__Hsfr10                            sfr10        000010
__Hsfr11                            sfr11        000010
__Hsfr12                            sfr12        000010
__Hsfr13                            sfr13        000010
__Hsfr14                            sfr14        000010
__Hsfr15                            sfr15        000010
__Hsfr16                            sfr16        000010
__Hsfr17                            sfr17        000010
__Hsfr18                            sfr18        000010
__Hsfr19                            sfr19        000010
__Hsfr2                             sfr2         000010
__Hsfr20                            sfr20        000010
__Hsfr21                            sfr21        000010
__Hsfr22                            sfr22        000010
__Hsfr23                            sfr23        000010
__Hsfr24                            sfr24        000010
__Hsfr25                            sfr25        000010
__Hsfr26                            sfr26        000010
__Hsfr27                            sfr27        000010
__Hsfr28                            sfr28        000010
__Hsfr29                            sfr29        000010
__Hsfr3                             sfr3         000010
__Hsfr30                            sfr30        000010
__Hsfr31                            sfr31        000010
__Hsfr4                             sfr4         000010
__Hsfr5                             sfr5         000010
__Hsfr6                             sfr6         000010
__Hsfr7                             sfr7         000010
__Hsfr8                             sfr8         000010
__Hsfr9                             sfr9         000010
__Hstack                            stack        000000
__Hstrings                          strings      000010
__Hstringtext                       stringtext   000010
__Htext                             text         000010
__Labs1                             abs1         000010
__Lbank0                            bank0        000010
__Lbank1                            bank1        000010
__Lbank10                           bank10       000010
__Lbank11                           bank11       000010
__Lbank12                           bank12       000010
__Lbank13                           bank13       000010
__Lbank14                           bank14       000010
__Lbank15                           bank15       000010
__Lbank16                           bank16       000010
__Lbank17                           bank17       000010
__Lbank18                           bank18       000010
__Lbank19                           bank19       000010
__Lbank2                            bank2        000010
__Lbank20                           bank20       000010
__Lbank21                           bank21       000010
__Lbank22                           bank22       000010
__Lbank23                           bank23       000010
__Lbank24                           bank24       000010
__Lbank25                           bank25       000010
__Lbank26                           bank26       000010
__Lbank27                           bank27       000010
__Lbank28                           bank28       000010
__Lbank29                           bank29       000010
__Lbank3                            bank3        000010
__Lbank30                           bank30       000010
__Lbank31                           bank31       000010
__Lbank4                            bank4        000010
__Lbank5                            bank5        000010
__Lbank6                            bank6        000010
__Lbank7                            bank7        000010
__Lbank8                            bank8        000010
__Lbank9                            bank9        000010
__Lbigram                           bigram       000010
__LbssBANK0                         bssBANK0     000010
__LbssBANK1                         bssBANK1     000010
__LbssBANK2                         bssBANK2     000010
__Lcinit                            cinit        000079
__Lclrtext                          clrtext      000010
__Lcode                             code         000010
__Lcommon                           common       000010
__Lconfig                           config       008007
__LcstackBANK0                      cstackBANK0  000010
__LcstackCOMMON                     cstackCOMMON 000010
__LdataBANK1                        dataBANK1    000010
__Leeprom_data                      eeprom_data  000000
__Lend_init                         end_init     000077
__Lfunctab                          functab      000000
__LidataBANK1                       idataBANK1   000010
__Lidloc                            idloc        000000
__Linit                             init         000077
__Lintentry                         intentry     000004
__Lmaintext                         maintext     000010
__LnvBANK0                          nvBANK0      000010
__LnvBANK1                          nvBANK1      000010
__Lpa_nodes                         pa_nodes     000010
__Lpowerup                          powerup      000000
__Lram                              ram          000010
__Lreset_vec                        reset_vec    000000
__Lsfr0                             sfr0         000010
__Lsfr1                             sfr1         000010
__Lsfr10                            sfr10        000010
__Lsfr11                            sfr11        000010
__Lsfr12                            sfr12        000010
__Lsfr13                            sfr13        000010
__Lsfr14                            sfr14        000010
__Lsfr15                            sfr15        000010
__Lsfr16                            sfr16        000010
__Lsfr17                            sfr17        000010
__Lsfr18                            sfr18        000010
__Lsfr19                            sfr19        000010
__Lsfr2                             sfr2         000010
__Lsfr20                            sfr20        000010
__Lsfr21                            sfr21        000010
__Lsfr22                            sfr22        000010
__Lsfr23                            sfr23        000010
__Lsfr24                            sfr24        000010
__Lsfr25                            sfr25        000010
__Lsfr26                            sfr26        000010
__Lsfr27                            sfr27        000010
__Lsfr28                            sfr28        000010
__Lsfr29                            sfr29        000010
__Lsfr3                             sfr3         000010
__Lsfr30                            sfr30        000010
__Lsfr31                            sfr31        000010
__Lsfr4                             sfr4         000010
__Lsfr5                             sfr5         000010
__Lsfr6                             sfr6         000010
__Lsfr7                             sfr7         000010
__Lsfr8                             sfr8         000010
__Lsfr9                             sfr9         000010
__Lstack                            stack        000000
__Lstrings                          strings      000010
__Lstringtext                       stringtext   000010
__Ltext                             text         000010
__S0                                (abs)        008009
__S1                                (abs)        000130
__S2                                (abs)        000000
__S3                                (abs)        00F008
___awdiv                            text33       00102F
___awdiv@counter                    cstackCOMMON 000074
___awdiv@dividend                   cstackCOMMON 000072
___awdiv@divisor                    cstackCOMMON 000070
___awdiv@quotient                   cstackCOMMON 000076
___awdiv@sign                       cstackCOMMON 000075
___int_sp                           stack        000000
___latbits                          (abs)        000003
___sp                               stack        000000
__end_ofPL10                        text41       0017F3
__end_ofPL12                        text16       001407
__end_ofPL14                        maintext     000FC5
__end_ofPL16                        text41       0017FA
__end_ofPL18                        text41       001800
__end_ofPL2                         text41       0017EB
__end_ofPL20                        maintext     000FCB
__end_ofPL22                        text16       00140D
__end_ofPL24                        text16       001413
__end_ofPL26                        text16       001418
__end_ofPL4                         maintext     000FAB
__end_ofPL6                         maintext     000FB5
__end_ofPL8                         maintext     000FBE
__end_of_ClearBitMask               text15       0007E8
__end_of_FlushFIFO                  maintext     000E6B
__end_of_GetRC500                   text16       0013FF
__end_of_ISR_RC500                  text16       0013D0
__end_of_Mf500HostCodeKey           maintext     000F7E
__end_of_Mf500PiccAnticoll          maintext     000FA2
__end_of_Mf500PiccAuthState         text41       001466
__end_of_Mf500PiccCascAnticoll      text41       001623
__end_of_Mf500PiccCascSelect        text15       0007DD
__end_of_Mf500PiccCommonRequest     maintext     000EAE
__end_of_Mf500PiccLoadKey           maintext     000F4E
__end_of_Mf500PiccRead              maintext     000E66
__end_of_Mf500PiccRequest           maintext     000FD0
__end_of_Mf500PiccSelect            maintext     000F8A
__end_of_Mf500PiccWrite             text41       0014D5
__end_of_PWD_TABLE                  stringtext   001901
__end_of_PcdReset                   text16       0012E8
__end_of_PcdRfReset                 text15       0007A0
__end_of_PcdSetTmo                  text41       001664
__end_of_PcdSingleResponseCmd       text41       00176D
__end_of_PutRC500                   text16       0013E9
__end_of_RC500Config                text41       0017BA
__end_of_RC500OutSelect             text1        001106
__end_of_ReadRC                     text41       0017DA
__end_of_SetBitMask                 text41       0017E2
__end_of_WriteRC                    text41       0017CB
__end_of___awdiv                    text33       00106F
__end_of__initialization            cinit        00009D
__end_of__stringdata                stringtext   001906
__end_of__stringtab                 stringtext   001801
__end_of_check_user_card            maintext     000D8A
__end_of_checkpsw                   maintext     000F37
__end_of_checkpsw_super             maintext     000FEE
__end_of_checksum                   maintext     000DF1
__end_of_deal_floor                 text21_split_1 000784
__end_of_delay_ms                   maintext     000AE2
__end_of_ds1302_get_time            maintext     000B06
__end_of_ds1302_read                maintext     000B1F
__end_of_ds1302_read_byte           maintext     000BCA
__end_of_ds1302_set_time            maintext     000B6E
__end_of_ds1302_write               maintext     000B86
__end_of_ds1302_write_byte          maintext     000B39
__end_of_find_project_key           maintext     000BA0
__end_of_handle_beep                text26       00102F
__end_of_handle_config              maintext     000AA2
__end_of_handle_ic_card             maintext     000F23
__end_of_handle_timer               maintext     001000
__end_of_init_beep                  text1        001092
__end_of_init_ds1302                text1        0010A6
__end_of_init_hardware              text1        00108E
__end_of_init_i2c                   text1        0010AC
__end_of_init_interrupt             text1        0010AF
__end_of_init_led                   text1        0010B6
__end_of_init_mfrc500               text1        0010C5
__end_of_init_osc                   text1        0010C9
__end_of_init_port                  text1        0010D0
__end_of_init_timer1                text1        0010D9
__end_of_init_uart1                 text1        0010EA
__end_of_init_uart2                 text1        0010FF
__end_of_isr                        intentry     000077
__end_of_main                       maintext     0008AD
__end_of_memcpy                     maintext     000ECC
__end_of_read_24c02                 maintext     000D9E
__end_of_read_card_content          maintext     000D5B
__end_of_read_eeprom                maintext     000AC7
__end_of_read_id                    maintext     000F85
__end_of_rece_byte                  maintext     000E0C
__end_of_rfcard                     maintext     000F9A
__end_of_same_id                    text19       000800
__end_of_send_byte                  maintext     000DC8
__end_of_start_i2c                  maintext     000DDE
__end_of_stop_i2c                   maintext     000BB1
__end_of_uart1_send_byte            maintext     000AAB
__end_of_write_24c02                maintext     000ABD
__initialization                    cinit        000079
__pbssBANK0                         bssBANK0     000047
__pbssBANK1                         bssBANK1     0000A0
__pbssBANK2                         bssBANK2     000120
__pcstackBANK0                      cstackBANK0  000020
__pcstackCOMMON                     cstackCOMMON 000070
__pdataBANK1                        dataBANK1    0000E0
__pidataBANK1                       idataBANK1   000000
__pintentry                         intentry     000004
__pmaintext                         maintext     000803
__pnvBANK0                          nvBANK0      00006C
__pnvBANK1                          nvBANK1      0000E6
__pstringtext                       stringtext   001800
__pswtext1                          swtext1      001000
__ptext1                            text1        00106F
__ptext10                           text1        0010A6
__ptext11                           text1        001092
__ptext12                           text1        00108E
__ptext13                           text1        0010FF
__ptext14                           text41       00176D
__ptext15                           text15       000786
__ptext16                           text16       001274
__ptext17                           maintext     000FEE
__ptext18                           maintext     000ECC
__ptext19                           text19       0007E8
__ptext2                            text1        0010EA
__ptext20                           maintext     000BCA
__ptext21                           text21       001106
__ptext22                           maintext     000DDE
__ptext23                           maintext     000D5B
__ptext24                           text41       001466
__ptext25                           maintext     000E0C
__ptext26                           text26       001016
__ptext27                           maintext     000FD0
__ptext28                           maintext     000F8A
__ptext29                           maintext     000FCB
__ptext3                            text1        0010D9
__ptext30                           maintext     000E6B
__ptext31                           maintext     000F9A
__ptext32                           text41       0014D5
__ptext33                           text33       00102F
__ptext34                           maintext     000F7E
__ptext35                           maintext     000F85
__ptext36                           text15       0007A0
__ptext37                           text15       0007DD
__ptext38                           maintext     000F23
__ptext39                           maintext     000F37
__ptext4                            text1        0010D0
__ptext40                           maintext     000F4E
__ptext41                           text41       001418
__ptext42                           maintext     000EAE
__ptext43                           text41       001664
__ptext44                           text16       0012E8
__ptext45                           maintext     000E66
__ptext46                           text41       0017DA
__ptext47                           text41       0017CB
__ptext48                           text16       0013E9
__ptext49                           text41       001623
__ptext5                            text1        0010C9
__ptext50                           text41       0017BA
__ptext51                           text16       0013D0
__ptext52                           maintext     0008AD
__ptext53                           maintext     000AAB
__ptext54                           maintext     000AC7
__ptext55                           maintext     000AA2
__ptext56                           maintext     000ABD
__ptext57                           maintext     000D8A
__ptext58                           maintext     000BA0
__ptext59                           maintext     000DC8
__ptext6                            text1        0010C5
__ptext60                           maintext     000D9E
__ptext61                           maintext     000DF1
__ptext62                           maintext     000B86
__ptext63                           maintext     000B39
__ptext64                           maintext     000B6E
__ptext65                           maintext     000AE2
__ptext66                           maintext     000B06
__ptext67                           maintext     000B1F
__ptext68                           maintext     000BB1
__ptext7                            text1        0010B6
__ptext8                            text1        0010AF
__ptext9                            text1        0010AC
__size_of_ClearBitMask              (abs)        000000
__size_of_FlushFIFO                 (abs)        000000
__size_of_GetRC500                  (abs)        000000
__size_of_ISR_RC500                 (abs)        000000
__size_of_Mf500HostCodeKey          (abs)        000000
__size_of_Mf500PiccAnticoll         (abs)        000000
__size_of_Mf500PiccAuthState        (abs)        000000
__size_of_Mf500PiccCascAnticoll     (abs)        000000
__size_of_Mf500PiccCascSelect       (abs)        000000
__size_of_Mf500PiccCommonRequest    (abs)        000000
__size_of_Mf500PiccLoadKey          (abs)        000000
__size_of_Mf500PiccRead             (abs)        000000
__size_of_Mf500PiccRequest          (abs)        000000
__size_of_Mf500PiccSelect           (abs)        000000
__size_of_Mf500PiccWrite            (abs)        000000
__size_of_PcdReset                  (abs)        000000
__size_of_PcdRfReset                (abs)        000000
__size_of_PcdSetTmo                 (abs)        000000
__size_of_PcdSingleResponseCmd      (abs)        000000
__size_of_PutRC500                  (abs)        000000
__size_of_RC500Config               (abs)        000000
__size_of_RC500OutSelect            (abs)        000000
__size_of_ReadRC                    (abs)        000000
__size_of_SetBitMask                (abs)        000000
__size_of_WriteRC                   (abs)        000000
__size_of___awdiv                   (abs)        000000
__size_of_check_user_card           (abs)        000000
__size_of_checkpsw                  (abs)        000000
__size_of_checkpsw_super            (abs)        000000
__size_of_checksum                  (abs)        000000
__size_of_deal_floor                (abs)        000000
__size_of_delay_ms                  (abs)        000000
__size_of_ds1302_get_time           (abs)        000000
__size_of_ds1302_read               (abs)        000000
__size_of_ds1302_read_byte          (abs)        000000
__size_of_ds1302_set_time           (abs)        000000
__size_of_ds1302_write              (abs)        000000
__size_of_ds1302_write_byte         (abs)        000000
__size_of_find_project_key          (abs)        000000
__size_of_handle_beep               (abs)        000000
__size_of_handle_config             (abs)        000000
__size_of_handle_ic_card            (abs)        000000
__size_of_handle_timer              (abs)        000000
__size_of_init_beep                 (abs)        000000
__size_of_init_ds1302               (abs)        000000
__size_of_init_hardware             (abs)        000000
__size_of_init_i2c                  (abs)        000000
__size_of_init_interrupt            (abs)        000000
__size_of_init_led                  (abs)        000000
__size_of_init_mfrc500              (abs)        000000
__size_of_init_osc                  (abs)        000000
__size_of_init_port                 (abs)        000000
__size_of_init_timer1               (abs)        000000
__size_of_init_uart1                (abs)        000000
__size_of_init_uart2                (abs)        000000
__size_of_isr                       (abs)        000000
__size_of_main                      (abs)        000000
__size_of_memcpy                    (abs)        000000
__size_of_read_24c02                (abs)        000000
__size_of_read_card_content         (abs)        000000
__size_of_read_eeprom               (abs)        000000
__size_of_read_id                   (abs)        000000
__size_of_rece_byte                 (abs)        000000
__size_of_rfcard                    (abs)        000000
__size_of_same_id                   (abs)        000000
__size_of_send_byte                 (abs)        000000
__size_of_start_i2c                 (abs)        000000
__size_of_stop_i2c                  (abs)        000000
__size_of_uart1_send_byte           (abs)        000000
__size_of_write_24c02               (abs)        000000
__stringdata                        stringtext   001901
__stringtab                         stringtext   001800
_card_id                            bssBANK0     00004F
_card_type                          bssBANK0     000056
_check_user_card                    maintext     000D5B
_checkpsw                           maintext     000F23
_checkpsw_super                     maintext     000FD0
_checksum                           maintext     000DDE
_count                              bssBANK0     000057
_count_uart1_receive                bssBANK0     000058
_count_uart2_receive                bssBANK0     000059
_day                                nvBANK0      00006C
_deal_floor                         text21       001106
_delay_ms                           maintext     000AC7
_ds1302_get_time                    maintext     000AE2
_ds1302_read                        maintext     000B06
_ds1302_read_byte                   maintext     000BB1
_ds1302_set_time                    maintext     000B39
_ds1302_write                       maintext     000B6E
_ds1302_write_byte                  maintext     000B1F
_find_project_key                   maintext     000B86
_flag_timer                         bssBANK0     00005A
_flag_uart1_cmd                     bssBANK0     00005B
_flag_uart2_cmd                     bssBANK0     00005C
_flag_user_card                     bssBANK0     00005D
_group                              bssBANK0     00005E
_handle_beep                        text26       001016
_handle_config                      maintext     0008AD
_handle_ic_card                     maintext     000ECC
_handle_timer                       maintext     000FEE
_hour                               nvBANK0      00006D
_ic_card                            bssBANK1     0000A0
_init_beep                          text1        00108E
_init_ds1302                        text1        001092
_init_hardware                      text1        00106F
_init_i2c                           text1        0010A6
_init_interrupt                     text1        0010AC
_init_led                           text1        0010AF
_init_mfrc500                       text1        0010B6
_init_osc                           text1        0010C5
_init_port                          text1        0010C9
_init_timer1                        text1        0010D0
_init_uart1                         text1        0010D9
_init_uart2                         text1        0010EA
_is_enable                          bssBANK0     00005F
_isr                                intentry     000004
_keys                               bssBANK1     0000D4
_keys_super                         dataBANK1    0000E0
_main                               maintext     000803
_memcpy                             maintext     000EAE
_minute                             nvBANK1      0000E6
_month                              nvBANK0      00006E
_read_24c02                         maintext     000D8A
_read_card_content                  maintext     000BCA
_read_eeprom                        maintext     000ABD
_read_id                            maintext     000F7E
_rece_byte                          maintext     000DF1
_rfcard                             maintext     000F8A
_same_id                            text19       0007E8
_second                             nvBANK1      0000E7
_sector_number                      bssBANK0     000060
_send_byte                          maintext     000D9E
_snr_rc500                          bssBANK1     0000DA
_start_i2c                          maintext     000DC8
_stop_i2c                           maintext     000BA0
_timer_count                        bssBANK1     0000A4
_tt1                                bssBANK1     0000DE
_uart1_cnt                          bssBANK0     000061
_uart1_receive_buffer               bssBANK0     000047
_uart1_send_byte                    maintext     000AA2
_uart2_cnt                          bssBANK0     000062
_uart2_receive_buffer               bssBANK2     000120
_user_card                          bssBANK1     0000C6
_user_card_count                    bssBANK0     000063
_week                               nvBANK1      0000E8
_write_24c02                        maintext     000AAB
_year                               nvBANK0      00006F
btemp                               (abs)        00007E
check_user_card@i                   cstackCOMMON 000074
checksum@data                       cstackCOMMON 000073
checksum@i                          cstackCOMMON 000074
checksum@length                     cstackCOMMON 000070
checksum@sum                        cstackCOMMON 000072
clear_ram0                          clrtext      001010
deal_floor@data                     cstackBANK0  000020
deal_floor@floor                    cstackBANK0  000022
deal_floor@i                        cstackBANK0  000021
delay_ms@count                      cstackCOMMON 000070
delay_ms@i                          cstackCOMMON 000072
delay_ms@j                          cstackCOMMON 000074
ds1302_read@address                 cstackCOMMON 000072
ds1302_read@temp                    cstackCOMMON 000073
ds1302_read_byte@data               cstackCOMMON 000070
ds1302_read_byte@i                  cstackCOMMON 000071
ds1302_write@address                cstackCOMMON 000073
ds1302_write@data                   cstackCOMMON 000072
ds1302_write_byte@data              cstackCOMMON 000070
ds1302_write_byte@i                 cstackCOMMON 000071
end_of_initialization               cinit        00009D
find_project_key@data               cstackCOMMON 000070
find_project_key@i                  cstackCOMMON 000071
handle_config@i                     cstackBANK0  000027
handle_config@report_the_loss_count cstackBANK0  000026
handle_config@tmp_buffer            cstackBANK0  000020
intlevel0                           functab      000000
intlevel1                           functab      000000
intlevel2                           functab      000000
intlevel3                           functab      000000
intlevel4                           functab      000000
intlevel5                           functab      000000
ltemp                               (abs)        00007E
ltemp0                              (abs)        00007E
ltemp1                              (abs)        000082
ltemp2                              (abs)        000086
ltemp3                              (abs)        000080
main@i                              cstackBANK0  000043
main@i_954                          cstackBANK0  000044
main@j                              cstackBANK0  000046
main@pwd                            cstackBANK0  000042
memcpy@d                            cstackCOMMON 000076
memcpy@d1                           cstackCOMMON 000077
memcpy@n                            cstackCOMMON 000072
memcpy@s                            cstackCOMMON 000074
memcpy@s1                           cstackCOMMON 000070
pnum$text21                         (abs)        000024
pnum$text21_split_1                 (abs)        000057
psplit$0                            (abs)        240057
read_24c02@address                  cstackCOMMON 000072
read_24c02@data                     cstackCOMMON 000073
read_card_content@data              cstackBANK0  00002E
read_card_content@i                 cstackBANK0  000040
read_card_content@ret               cstackBANK0  000041
read_card_content@user_count        cstackBANK0  00003E
read_eeprom@address                 cstackCOMMON 000070
rece_byte@i                         cstackCOMMON 000071
rece_byte@read_data                 cstackCOMMON 000070
reset_vec                           reset_vec    000000
rfcard@ret                          cstackBANK0  00003E
send_byte@i                         cstackCOMMON 000071
send_byte@write_data                cstackCOMMON 000070
stackhi                             (abs)        00231F
stacklo                             (abs)        0020B0
start                               init         000077
start_initialization                cinit        000079
ttemp                               (abs)        00007E
ttemp0                              (abs)        00007E
ttemp1                              (abs)        000081
ttemp2                              (abs)        000084
ttemp3                              (abs)        000087
ttemp4                              (abs)        00007F
uart1_send_byte@data                cstackCOMMON 000070
write_24c02@address                 cstackCOMMON 000077
write_24c02@data                    cstackCOMMON 000076
wtemp                               (abs)        00007E
wtemp0                              (abs)        00007E
wtemp1                              (abs)        000080
wtemp2                              (abs)        000082
wtemp3                              (abs)        000084
wtemp4                              (abs)        000086
wtemp5                              (abs)        000088
wtemp6                              (abs)        00007F


FUNCTION INFORMATION:

 *************** function _main *****************
 Defined at:
		line 281 in file "D:\WORKproject\AJ-BLE-IC\source\main\main.c"
 Parameters:    Size  Location     Type
		None
 Auto vars:     Size  Location     Type
  i               2   36[BANK0 ] unsigned short 
  j               1   38[BANK0 ] unsigned char 
  i               1   35[BANK0 ] unsigned char 
  pwd             1   34[BANK0 ] unsigned char 
 Return value:  Size  Location     Type
                  2  1332[COMMON] int 
 Registers used:
		wreg, fsr0l, fsr0h, fsr1l, fsr1h, fsr1l, fsr1h, status,2, status,0, btemp+1, pclath, cstack
 Tracked objects:
		On entry : 
		On exit  : 
		Unchanged: 
 Data sizes:     COMMON   BANK0   BANK1   BANK2   BANK3   BANK4   BANK5   BANK6   BANK7   BANK8   BANK9  BANK10  BANK11  BANK12
      Params:         0       0       0       0       0       0       0       0       0       0       0       0       0       0
      Locals:         0       5       0       0       0       0       0       0       0       0       0       0       0       0
      Temps:          0       0       0       0       0       0       0       0       0       0       0       0       0       0
      Totals:         0       5       0       0       0       0       0       0       0       0       0       0       0       0
Total ram usage:        5 bytes
 Hardware stack levels required when called:   11
 This function calls:
		_delay_ms
		_handle_config
		_handle_ic_card
		_handle_timer
		_init_hardware
		_read_24c02
		_uart1_send_byte
		_write_24c02
 This function is called by:
		Startup code after reset
 This function uses a non-reentrant model


 *************** function _init_hardware *****************
 Defined at:
		line 247 in file "D:\WORKproject\AJ-BLE-IC\source\main\main.c"
 Parameters:    Size  Location     Type
		None
 Auto vars:     Size  Location     Type
		None
 Return value:  Size  Location     Type
		None               void
 Registers used:
		wreg, fsr0l, fsr0h, status,2, status,0, pclath, cstack
 Tracked objects:
		On entry : 
		On exit  : 
		Unchanged: 
 Data sizes:     COMMON   BANK0   BANK1   BANK2   BANK3   BANK4   BANK5   BANK6   BANK7   BANK8   BANK9  BANK10  BANK11  BANK12
      Params:         0       0       0       0       0       0       0       0       0       0       0       0       0       0
      Locals:         0       0       0       0       0       0       0       0       0       0       0       0       0       0
      Temps:          0       0       0       0       0       0       0       0       0       0       0       0       0       0
      Totals:         0       0       0       0       0       0       0       0       0       0       0       0       0       0
Total ram usage:        0 bytes
 Hardware stack levels used:    1
 Hardware stack levels required when called:    6
 This function calls:
		_RC500Config
		_RC500OutSelect
		_init_beep
		_init_ds1302
		_init_i2c
		_init_interrupt
		_init_led
		_init_mfrc500
		_init_osc
		_init_port
		_init_timer1
		_init_uart1
		_init_uart2
 This function is called by:
		_main
 This function uses a non-reentrant model


 *************** function _init_uart2 *****************
 Defined at:
		line 197 in file "D:\WORKproject\AJ-BLE-IC\source\driver\uart.c"
 Parameters:    Size  Location     Type
		None
 Auto vars:     Size  Location     Type
		None
 Return value:  Size  Location     Type
		None               void
 Registers used:
		wreg, status,2
 Tracked objects:
		On entry : 
		On exit  : 
		Unchanged: 
 Data sizes:     COMMON   BANK0   BANK1   BANK2   BANK3   BANK4   BANK5   BANK6   BANK7   BANK8   BANK9  BANK10  BANK11  BANK12
      Params:         0       0       0       0       0       0       0       0       0       0       0       0       0       0
      Locals:         0       0       0       0       0       0       0       0       0       0       0       0       0       0
      Temps:          0       0       0       0       0       0       0       0       0       0       0       0       0       0
      Totals:         0       0       0       0       0       0       0       0       0       0       0       0       0       0
Total ram usage:        0 bytes
 Hardware stack levels used:    1
 Hardware stack levels required when called:    1
 This function calls:
		Nothing
 This function is called by:
		_init_hardware
 This function uses a non-reentrant model


 *************** function _init_uart1 *****************
 Defined at:
		line 56 in file "D:\WORKproject\AJ-BLE-IC\source\driver\uart.c"
 Parameters:    Size  Location     Type
		None
 Auto vars:     Size  Location     Type
		None
 Return value:  Size  Location     Type
		None               void
 Registers used:
		wreg, status,2
 Tracked objects:
		On entry : 
		On exit  : 
		Unchanged: 
 Data sizes:     COMMON   BANK0   BANK1   BANK2   BANK3   BANK4   BANK5   BANK6   BANK7   BANK8   BANK9  BANK10  BANK11  BANK12
      Params:         0       0       0       0       0       0       0       0       0       0       0       0       0       0
      Locals:         0       0       0       0       0       0       0       0       0       0       0       0       0       0
      Temps:          0       0       0       0       0       0       0       0       0       0       0       0       0       0
      Totals:         0       0       0       0       0       0       0       0       0       0       0       0       0       0
Total ram usage:        0 bytes
 Hardware stack levels used:    1
 Hardware stack levels required when called:    1
 This function calls:
		Nothing
 This function is called by:
		_init_hardware
 This function uses a non-reentrant model


 *************** function _init_timer1 *****************
 Defined at:
		line 38 in file "D:\WORKproject\AJ-BLE-IC\source\driver\timer.c"
 Parameters:    Size  Location     Type
		None
 Auto vars:     Size  Location     Type
		None
 Return value:  Size  Location     Type
		None               void
 Registers used:
		wreg
 Tracked objects:
		On entry : 
		On exit  : 
		Unchanged: 
 Data sizes:     COMMON   BANK0   BANK1   BANK2   BANK3   BANK4   BANK5   BANK6   BANK7   BANK8   BANK9  BANK10  BANK11  BANK12
      Params:         0       0       0       0       0       0       0       0       0       0       0       0       0       0
      Locals:         0       0       0       0       0       0       0       0       0       0       0       0       0       0
      Temps:          0       0       0       0       0       0       0       0       0       0       0       0       0       0
      Totals:         0       0       0       0       0       0       0       0       0       0       0       0       0       0
Total ram usage:        0 bytes
 Hardware stack levels used:    1
 Hardware stack levels required when called:    1
 This function calls:
		Nothing
 This function is called by:
		_init_hardware
 This function uses a non-reentrant model


 *************** function _init_port *****************
 Defined at:
		line 225 in file "D:\WORKproject\AJ-BLE-IC\source\main\main.c"
 Parameters:    Size  Location     Type
		None
 Auto vars:     Size  Location     Type
		None
 Return value:  Size  Location     Type
		None               void
 Registers used:
		status,2
 Tracked objects:
		On entry : 
		On exit  : 
		Unchanged: 
 Data sizes:     COMMON   BANK0   BANK1   BANK2   BANK3   BANK4   BANK5   BANK6   BANK7   BANK8   BANK9  BANK10  BANK11  BANK12
      Params:         0       0       0       0       0       0       0       0       0       0       0       0       0       0
      Locals:         0       0       0       0       0       0       0       0       0       0       0       0       0       0
      Temps:          0       0       0       0       0       0       0       0       0       0       0       0       0       0
      Totals:         0       0       0       0       0       0       0       0       0       0       0       0       0       0
Total ram usage:        0 bytes
 Hardware stack levels used:    1
 Hardware stack levels required when called:    1
 This function calls:
		Nothing
 This function is called by:
		_init_hardware
 This function uses a non-reentrant model


 *************** function _init_osc *****************
 Defined at:
		line 206 in file "D:\WORKproject\AJ-BLE-IC\source\main\main.c"
 Parameters:    Size  Location     Type
		None
 Auto vars:     Size  Location     Type
		None
 Return value:  Size  Location     Type
		None               void
 Registers used:
		wreg
 Tracked objects:
		On entry : 
		On exit  : 
		Unchanged: 
 Data sizes:     COMMON   BANK0   BANK1   BANK2   BANK3   BANK4   BANK5   BANK6   BANK7   BANK8   BANK9  BANK10  BANK11  BANK12
      Params:         0       0       0       0       0       0       0       0       0       0       0       0       0       0
      Locals:         0       0       0       0       0       0       0       0       0       0       0       0       0       0
      Temps:          0       0       0       0       0       0       0       0       0       0       0       0       0       0
      Totals:         0       0       0       0       0       0       0       0       0       0       0       0       0       0
Total ram usage:        0 bytes
 Hardware stack levels used:    1
 Hardware stack levels required when called:    1
 This function calls:
		Nothing
 This function is called by:
		_init_hardware
 This function uses a non-reentrant model


 *************** function _init_mfrc500 *****************
 Defined at:
		line 55 in file "D:\WORKproject\AJ-BLE-IC\source\driver\mfrc500.c"
 Parameters:    Size  Location     Type
		None
 Auto vars:     Size  Location     Type
		None
 Return value:  Size  Location     Type
		None               void
 Registers used:
		wreg
 Tracked objects:
		On entry : 
		On exit  : 
		Unchanged: 
 Data sizes:     COMMON   BANK0   BANK1   BANK2   BANK3   BANK4   BANK5   BANK6   BANK7   BANK8   BANK9  BANK10  BANK11  BANK12
      Params:         0       0       0       0       0       0       0       0       0       0       0       0       0       0
      Locals:         0       0       0       0       0       0       0       0       0       0       0       0       0       0
      Temps:          0       0       0       0       0       0       0       0       0       0       0       0       0       0
      Totals:         0       0       0       0       0       0       0       0       0       0       0       0       0       0
Total ram usage:        0 bytes
 Hardware stack levels used:    1
 Hardware stack levels required when called:    1
 This function calls:
		Nothing
 This function is called by:
		_init_hardware
 This function uses a non-reentrant model


 *************** function _init_led *****************
 Defined at:
		line 44 in file "D:\WORKproject\AJ-BLE-IC\source\driver\led.c"
 Parameters:    Size  Location     Type
		None
 Auto vars:     Size  Location     Type
		None
 Return value:  Size  Location     Type
		None               void
 Registers used:
		None
 Tracked objects:
		On entry : 
		On exit  : 
		Unchanged: 
 Data sizes:     COMMON   BANK0   BANK1   BANK2   BANK3   BANK4   BANK5   BANK6   BANK7   BANK8   BANK9  BANK10  BANK11  BANK12
      Params:         0       0       0       0       0       0       0       0       0       0       0       0       0       0
      Locals:         0       0       0       0       0       0       0       0       0       0       0       0       0       0
      Temps:          0       0       0       0       0       0       0       0       0       0       0       0       0       0
      Totals:         0       0       0       0       0       0       0       0       0       0       0       0       0       0
Total ram usage:        0 bytes
 Hardware stack levels used:    1
 Hardware stack levels required when called:    1
 This function calls:
		Nothing
 This function is called by:
		_init_hardware
 This function uses a non-reentrant model


 *************** function _init_interrupt *****************
 Defined at:
		line 217 in file "D:\WORKproject\AJ-BLE-IC\source\driver\interrupt.c"
 Parameters:    Size  Location     Type
		None
 Auto vars:     Size  Location     Type
		None
 Return value:  Size  Location     Type
		None               void
 Registers used:
		None
 Tracked objects:
		On entry : 
		On exit  : 
		Unchanged: 
 Data sizes:     COMMON   BANK0   BANK1   BANK2   BANK3   BANK4   BANK5   BANK6   BANK7   BANK8   BANK9  BANK10  BANK11  BANK12
      Params:         0       0       0       0       0       0       0       0       0       0       0       0       0       0
      Locals:         0       0       0       0       0       0       0       0       0       0       0       0       0       0
      Temps:          0       0       0       0       0       0       0       0       0       0       0       0       0       0
      Totals:         0       0       0       0       0       0       0       0       0       0       0       0       0       0
Total ram usage:        0 bytes
 Hardware stack levels used:    1
 Hardware stack levels required when called:    1
 This function calls:
		Nothing
 This function is called by:
		_init_hardware
 This function uses a non-reentrant model


 *************** function _init_i2c *****************
 Defined at:
		line 45 in file "D:\WORKproject\AJ-BLE-IC\source\driver\24c02.c"
 Parameters:    Size  Location     Type
		None
 Auto vars:     Size  Location     Type
		None
 Return value:  Size  Location     Type
		None               void
 Registers used:
		None
 Tracked objects:
		On entry : 
		On exit  : 
		Unchanged: 
 Data sizes:     COMMON   BANK0   BANK1   BANK2   BANK3   BANK4   BANK5   BANK6   BANK7   BANK8   BANK9  BANK10  BANK11  BANK12
      Params:         0       0       0       0       0       0       0       0       0       0       0       0       0       0
      Locals:         0       0       0       0       0       0       0       0       0       0       0       0       0       0
      Temps:          0       0       0       0       0       0       0       0       0       0       0       0       0       0
      Totals:         0       0       0       0       0       0       0       0       0       0       0       0       0       0
Total ram usage:        0 bytes
 Hardware stack levels used:    1
 Hardware stack levels required when called:    1
 This function calls:
		Nothing
 This function is called by:
		_init_hardware
 This function uses a non-reentrant model


 *************** function _init_ds1302 *****************
[...]
		None               void
 Registers used:
		wreg, status,2, status,0
 Tracked objects:
		On entry : 
		On exit  : 
		Unchanged: 
 Data sizes:     COMMON   BANK0   BANK1   BANK2   BANK3   BANK4   BANK5   BANK6   BANK7   BANK8   BANK9  BANK10  BANK11  BANK12
      Params:         0       0       0       0       0       0       0       0       0       0       0       0       0       0
      Locals:         2       0       0       0       0       0       0       0       0       0       0       0       0       0
      Temps:          0       0       0       0       0       0       0       0       0       0       0       0       0       0
      Totals:         2       0       0       0       0       0       0       0       0       0       0       0       0       0
Total ram usage:        2 bytes
 Hardware stack levels used:    1
 Hardware stack levels required when called:    1
 This function calls:
		Nothing
 This function is called by:
		_write_24c02
		_read_24c02
 This function uses a non-reentrant model


 *************** function _rece_byte *****************
 Defined at:
		line 85 in file "D:\WORKproject\AJ-BLE-IC\source\driver\24c02.c"
 Parameters:    Size  Location     Type
		None
 Auto vars:     Size  Location     Type
  i               1    1[COMMON] unsigned char 
  read_data       1    0[COMMON] unsigned char 
 Return value:  Size  Location     Type
                  1    wreg      unsigned char 
 Registers used:
		wreg, status,2, status,0
 Tracked objects:
		On entry : 
		On exit  : 
		Unchanged: 
 Data sizes:     COMMON   BANK0   BANK1   BANK2   BANK3   BANK4   BANK5   BANK6   BANK7   BANK8   BANK9  BANK10  BANK11  BANK12
      Params:         0       0       0       0       0       0       0       0       0       0       0       0       0       0
      Locals:         2       0       0       0       0       0       0       0       0       0       0       0       0       0
      Temps:          0       0       0       0       0       0       0       0       0       0       0       0       0       0
      Totals:         2       0       0       0       0       0       0       0       0       0       0       0       0       0
Total ram usage:        2 bytes
 Hardware stack levels used:    1
 Hardware stack levels required when called:    1
 This function calls:
		Nothing
 This function is called by:
		_read_24c02
 This function uses a non-reentrant model


 *************** function _find_project_key *****************
 Defined at:
		line 51 in file "D:\WORKproject\AJ-BLE-IC\source\application\handle_config.c"
 Parameters:    Size  Location     Type
  data            1    wreg     unsigned char 
 Auto vars:     Size  Location     Type
  data            1    0[COMMON] unsigned char 
  i               2    1[COMMON] unsigned short 
 Return value:  Size  Location     Type
                  1    wreg      unsigned char 
 Registers used:
		wreg, fsr0l, fsr0h, status,2, status,0, pclath
 Tracked objects:
		On entry : 
		On exit  : 
		Unchanged: 
 Data sizes:     COMMON   BANK0   BANK1   BANK2   BANK3   BANK4   BANK5   BANK6   BANK7   BANK8   BANK9  BANK10  BANK11  BANK12
      Params:         0       0       0       0       0       0       0       0       0       0       0       0       0       0
      Locals:         3       0       0       0       0       0       0       0       0       0       0       0       0       0
      Temps:          0       0       0       0       0       0       0       0       0       0       0       0       0       0
      Totals:         3       0       0       0       0       0       0       0       0       0       0       0       0       0
Total ram usage:        3 bytes
 Hardware stack levels used:    1
 Hardware stack levels required when called:    1
 This function calls:
		Nothing
 This function is called by:
		_handle_config
 This function uses a non-reentrant model


 *************** function _ds1302_set_time *****************
 Defined at:
		line 188 in file "D:\WORKproject\AJ-BLE-IC\source\driver\ds1302.c"
 Parameters:    Size  Location     Type
		None
 Auto vars:     Size  Location     Type
		None
 Return value:  Size  Location     Type
		None               void
 Registers used:
		wreg, status,2, status,0, pclath, cstack
 Tracked objects:
		On entry : 
		On exit  : 
		Unchanged: 
 Data sizes:     COMMON   BANK0   BANK1   BANK2   BANK3   BANK4   BANK5   BANK6   BANK7   BANK8   BANK9  BANK10  BANK11  BANK12
      Params:         0       0       0       0       0       0       0       0       0       0       0       0       0       0
      Locals:         0       0       0       0       0       0       0       0       0       0       0       0       0       0
      Temps:          0       0       0       0       0       0       0       0       0       0       0       0       0       0
      Totals:         0       0       0       0       0       0       0       0       0       0       0       0       0       0
Total ram usage:        0 bytes
 Hardware stack levels used:    1
 Hardware stack levels required when called:    3
 This function calls:
		_ds1302_write
 This function is called by:
		_handle_config
		_read_card_content
 This function uses a non-reentrant model


 *************** function _ds1302_write *****************
 Defined at:
		line 150 in file "D:\WORKproject\AJ-BLE-IC\source\driver\ds1302.c"
 Parameters:    Size  Location     Type
  address         1    wreg     unsigned char 
  data            1    2[COMMON] unsigned char 
 Auto vars:     Size  Location     Type
  address         1    3[COMMON] unsigned char 
 Return value:  Size  Location     Type
		None               void
 Registers used:
		wreg, status,2, status,0, pclath, cstack
 Tracked objects:
		On entry : 
		On exit  : 
		Unchanged: 
 Data sizes:     COMMON   BANK0   BANK1   BANK2   BANK3   BANK4   BANK5   BANK6   BANK7   BANK8   BANK9  BANK10  BANK11  BANK12
      Params:         1       0       0       0       0       0       0       0       0       0       0       0       0       0
      Locals:         1       0       0       0       0       0       0       0       0       0       0       0       0       0
      Temps:          0       0       0       0       0       0       0       0       0       0       0       0       0       0
      Totals:         2       0       0       0       0       0       0       0       0       0       0       0       0       0
Total ram usage:        2 bytes
 Hardware stack levels used:    1
 Hardware stack levels required when called:    2
 This function calls:
		_ds1302_write_byte
 This function is called by:
		_ds1302_set_time
 This function uses a non-reentrant model


 *************** function _ds1302_get_time *****************
 Defined at:
		line 173 in file "D:\WORKproject\AJ-BLE-IC\source\driver\ds1302.c"
 Parameters:    Size  Location     Type
		None
 Auto vars:     Size  Location     Type
		None
 Return value:  Size  Location     Type
		None               void
 Registers used:
		wreg, status,2, status,0, pclath, cstack
 Tracked objects:
		On entry : 
		On exit  : 
		Unchanged: 
 Data sizes:     COMMON   BANK0   BANK1   BANK2   BANK3   BANK4   BANK5   BANK6   BANK7   BANK8   BANK9  BANK10  BANK11  BANK12
      Params:         0       0       0       0       0       0       0       0       0       0       0       0       0       0
      Locals:         0       0       0       0       0       0       0       0       0       0       0       0       0       0
      Temps:          0       0       0       0       0       0       0       0       0       0       0       0       0       0
      Totals:         0       0       0       0       0       0       0       0       0       0       0       0       0       0
Total ram usage:        0 bytes
 Hardware stack levels used:    1
 Hardware stack levels required when called:    3
 This function calls:
		_ds1302_read
 This function is called by:
		_handle_config
		_read_card_content
 This function uses a non-reentrant model


 *************** function _ds1302_read *****************
 Defined at:
		line 124 in file "D:\WORKproject\AJ-BLE-IC\source\driver\ds1302.c"
 Parameters:    Size  Location     Type
  address         1    wreg     unsigned char 
 Auto vars:     Size  Location     Type
  address         1    2[COMMON] unsigned char 
  temp            1    3[COMMON] unsigned char 
 Return value:  Size  Location     Type
                  1    wreg      unsigned char 
 Registers used:
		wreg, status,2, status,0, pclath, cstack
 Tracked objects:
		On entry : 
		On exit  : 
		Unchanged: 
 Data sizes:     COMMON   BANK0   BANK1   BANK2   BANK3   BANK4   BANK5   BANK6   BANK7   BANK8   BANK9  BANK10  BANK11  BANK12
      Params:         0       0       0       0       0       0       0       0       0       0       0       0       0       0
      Locals:         2       0       0       0       0       0       0       0       0       0       0       0       0       0
      Temps:          0       0       0       0       0       0       0       0       0       0       0       0       0       0
      Totals:         2       0       0       0       0       0       0       0       0       0       0       0       0       0
Total ram usage:        2 bytes
 Hardware stack levels used:    1
 Hardware stack levels required when called:    2
 This function calls:
		_ds1302_read_byte
		_ds1302_write_byte
 This function is called by:
		_ds1302_get_time
 This function uses a non-reentrant model


 *************** function _ds1302_write_byte *****************
 Defined at:
		line 66 in file "D:\WORKproject\AJ-BLE-IC\source\driver\ds1302.c"
 Parameters:    Size  Location     Type
  data            1    wreg     unsigned char 
 Auto vars:     Size  Location     Type
  data            1    0[COMMON] unsigned char 
  i               1    1[COMMON] unsigned char 
 Return value:  Size  Location     Type
		None               void
 Registers used:
		wreg, status,2, status,0
 Tracked objects:
		On entry : 
		On exit  : 
		Unchanged: 
 Data sizes:     COMMON   BANK0   BANK1   BANK2   BANK3   BANK4   BANK5   BANK6   BANK7   BANK8   BANK9  BANK10  BANK11  BANK12
      Params:         0       0       0       0       0       0       0       0       0       0       0       0       0       0
      Locals:         2       0       0       0       0       0       0       0       0       0       0       0       0       0
      Temps:          0       0       0       0       0       0       0       0       0       0       0       0       0       0
      Totals:         2       0       0       0       0       0       0       0       0       0       0       0       0       0
Total ram usage:        2 bytes
 Hardware stack levels used:    1
 Hardware stack levels required when called:    1
 This function calls:
		Nothing
 This function is called by:
		_ds1302_read
		_ds1302_write
 This function uses a non-reentrant model


 *************** function _ds1302_read_byte *****************
 Defined at:
		line 97 in file "D:\WORKproject\AJ-BLE-IC\source\driver\ds1302.c"
 Parameters:    Size  Location     Type
		None
 Auto vars:     Size  Location     Type
  i               1    1[COMMON] unsigned char 
  data            1    0[COMMON] unsigned char 
 Return value:  Size  Location     Type
                  1    wreg      unsigned char 
 Registers used:
		wreg, status,2, status,0
 Tracked objects:
		On entry : 
		On exit  : 
		Unchanged: 
 Data sizes:     COMMON   BANK0   BANK1   BANK2   BANK3   BANK4   BANK5   BANK6   BANK7   BANK8   BANK9  BANK10  BANK11  BANK12
      Params:         0       0       0       0       0       0       0       0       0       0       0       0       0       0
      Locals:         2       0       0       0       0       0       0       0       0       0       0       0       0       0
      Temps:          0       0       0       0       0       0       0       0       0       0       0       0       0       0
      Totals:         2       0       0       0       0       0       0       0       0       0       0       0       0       0
Total ram usage:        2 bytes
 Hardware stack levels used:    1
 Hardware stack levels required when called:    1
 This function calls:
		Nothing
 This function is called by:
		_ds1302_read
 This function uses a non-reentrant model


 *************** function _isr *****************
 Defined at:
		line 79 in file "D:\WORKproject\AJ-BLE-IC\source\driver\interrupt.c"
 Parameters:    Size  Location     Type
		None
 Auto vars:     Size  Location     Type
  data_length     1    0        unsigned char 
 Return value:  Size  Location     Type
		None               void
 Registers used:
		wreg, fsr1l, fsr1h, status,2, status,0
 Tracked objects:
		On entry : 
		On exit  : 
		Unchanged: 
 Data sizes:     COMMON   BANK0   BANK1   BANK2   BANK3   BANK4   BANK5   BANK6   BANK7   BANK8   BANK9  BANK10  BANK11  BANK12
      Params:         0       0       0       0       0       0       0       0       0       0       0       0       0       0
      Locals:         0       0       0       0       0       0       0       0       0       0       0       0       0       0
      Temps:          0       0       0       0       0       0       0       0       0       0       0       0       0       0
      Totals:         0       0       0       0       0       0       0       0       0       0       0       0       0       0
Total ram usage:        0 bytes
 Hardware stack levels used:    1
 This function calls:
		Nothing
 This function is called by:
		Interrupt level 1
 This function uses a non-reentrant model



MODULE INFORMATION

Module		Function		Class		Link	Load	Size
D:\WORKproject\AJ-BLE-IC\source\application\handle_timer.c
		_handle_timer  		CODE           	0FEE	0000	18

D:\WORKproject\AJ-BLE-IC\source\application\handle_timer.c estimated size: 18

D:\WORKproject\AJ-BLE-IC\source\driver\ds1302.c
		_ds1302_read_by		CODE           	0BB1	0000	25
		_ds1302_write_b		CODE           	0B1F	0000	26
		_ds1302_get_tim		CODE           	0AE2	0000	36
		_ds1302_set_tim		CODE           	0B39	0000	53
		_init_ds1302   		CODE           	1092	0000	20
		_ds1302_read   		CODE           	0B06	0000	25
		_ds1302_write  		CODE           	0B6E	0000	24

D:\WORKproject\AJ-BLE-IC\source\driver\ds1302.c estimated size: 209

D:\WORKproject\AJ-BLE-IC\source\driver\mfrc500.c
		_RC500OutSelect		CODE           	10FF	0000	7
		_Mf500PiccAuthS		CODE           	1418	0000	78
		_Mf500HostCodeK		CODE           	0F4E	0000	48
		_ReadRC        		CODE           	17CB	0000	15
		_Mf500PiccSelec		CODE           	0F85	0000	5
		_init_mfrc500  		CODE           	10B6	0000	15
		_FlushFIFO     		CODE           	0E66	0000	5
		_PutRC500      		CODE           	13D0	0000	25
		_PcdSingleRespo		CODE           	1664	0000	265
		_ClearBitMask  		CODE           	07DD	0000	11
		_Mf500PiccCommo		CODE           	0E6B	0000	67
		_RC500Config   		CODE           	176D	0000	77
		_Mf500PiccCascA		CODE           	14D5	0000	334
		_PcdSetTmo     		CODE           	1623	0000	65
		_WriteRC       		CODE           	17BA	0000	17
		_Mf500PiccRead 		CODE           	0E0C	0000	90
		_PcdRfReset    		CODE           	0786	0000	26
		_Mf500PiccLoadK		CODE           	0F37	0000	23
		_Mf500PiccReque		CODE           	0FCB	0000	5
		_SetBitMask    		CODE           	17DA	0000	8
		_Mf500PiccWrite		CODE           	1466	0000	111
		_Mf500PiccCascS		CODE           	07A0	0000	61
		_Mf500PiccAntic		CODE           	0F9A	0000	8
		_GetRC500      		CODE           	13E9	0000	22
		_PcdReset      		CODE           	1274	0000	116
		_ISR_RC500     		CODE           	12E8	0000	232

D:\WORKproject\AJ-BLE-IC\source\driver\mfrc500.c estimated size: 1736

D:\WORKproject\AJ-BLE-IC\source\driver\interrupt.c
		_init_interrupt		CODE           	10AC	0000	3
		_isr           		CODE           	0004	0000	115

D:\WORKproject\AJ-BLE-IC\source\driver\interrupt.c estimated size: 118

D:\WORKproject\AJ-BLE-IC\source\driver\24c02.c
		_stop_i2c      		CODE           	0BA0	0000	17
		_send_byte     		CODE           	0D9E	0000	42
		_read_24c02    		CODE           	0D8A	0000	20
		_start_i2c     		CODE           	0DC8	0000	22
		_rece_byte     		CODE           	0DF1	0000	27
		_write_24c02   		CODE           	0AAB	0000	18
		_read_eeprom   		CODE           	0ABD	0000	10
		_init_i2c      		CODE           	10A6	0000	6

D:\WORKproject\AJ-BLE-IC\source\driver\24c02.c estimated size: 162

D:\WORKproject\AJ-BLE-IC\source\driver\delay.c
		_delay_ms      		CODE           	0AC7	0000	27

D:\WORKproject\AJ-BLE-IC\source\driver\delay.c estimated size: 27

D:\WORKproject\AJ-BLE-IC\source\application\handle_floor.c
		_deal_floor    		CODE           	1106	0000	4294964862

D:\WORKproject\AJ-BLE-IC\source\application\handle_floor.c estimated size: 4294964862

shared
		PL12           		CODE           	13FF	0000	8
		PL8            		CODE           	0FB5	0000	9
		PL22           		CODE           	1407	0000	6
		PL14           		CODE           	0FBE	0000	7
		_PWD_TABLE     		STRCODE        	1801	0000	256
		PL24           		CODE           	140D	0000	6
		__stringtab    		STRCODE        	1800	0000	1
		__stringdata   		STRCODE        	1901	0000	5
		PL16           		CODE           	17F3	0000	7
		PL26           		CODE           	1413	0000	5
		PL18           		CODE           	17FA	0000	6
		__initializatio		CODE           	0079	0000	36
		PL2            		CODE           	17E2	0000	9
		PL10           		CODE           	17EB	0000	8
		PL4            		CODE           	0FA2	0000	9
		PL20           		CODE           	0FC5	0000	6
		PL6            		CODE           	0FAB	0000	10

shared estimated size: 394

D:\WORKproject\AJ-BLE-IC\source\driver\uart.c
		_uart1_send_byt		CODE           	0AA2	0000	9
		_init_uart1    		CODE           	10D9	0000	17
		_init_uart2    		CODE           	10EA	0000	21

D:\WORKproject\AJ-BLE-IC\source\driver\uart.c estimated size: 47

D:\WORKproject\AJ-BLE-IC\source\application\other.c
		_checksum      		CODE           	0DDE	0000	19

D:\WORKproject\AJ-BLE-IC\source\application\other.c estimated size: 19

D:\WORKproject\AJ-BLE-IC\source\main\main.c
		_init_hardware 		CODE           	106F	0000	31
		_init_port     		CODE           	10C9	0000	7
		_main          		CODE           	0803	0000	170
		_init_osc      		CODE           	10C5	0000	4

D:\WORKproject\AJ-BLE-IC\source\main\main.c estimated size: 212

D:\WORKproject\AJ-BLE-IC\source\driver\timer.c
		_init_timer1   		CODE           	10D0	0000	9

D:\WORKproject\AJ-BLE-IC\source\driver\timer.c estimated size: 9

D:\WORKproject\AJ-BLE-IC\source\application\handle_ic_card.c
		_same_id       		CODE           	07E8	0000	24
		_rfcard        		CODE           	0F8A	0000	16
		_checkpsw      		CODE           	0F23	0000	20
		_check_user_car		CODE           	0D5B	0000	47
		_read_id       		CODE           	0F7E	0000	7
		_handle_ic_card		CODE           	0ECC	0000	87
		_checkpsw_super		CODE           	0FD0	0000	30
		_read_card_cont		CODE           	0BCA	0000	401

D:\WORKproject\AJ-BLE-IC\source\application\handle_ic_card.c estimated size: 632

D:\Program Files (x86)\Microchip\xc8\v1.30\sources\common\memcpy.c
		_memcpy        		CODE           	0EAE	0000	30

D:\Program Files (x86)\Microchip\xc8\v1.30\sources\common\memcpy.c estimated size: 30

D:\WORKproject\AJ-BLE-IC\source\driver\led.c
		_init_led      		CODE           	10AF	0000	7

D:\WORKproject\AJ-BLE-IC\source\driver\led.c estimated size: 7

D:\WORKproject\AJ-BLE-IC\source\application\handle_config.c
		_find_project_k		CODE           	0B86	0000	26
		_handle_config 		CODE           	08AD	0000	501

D:\WORKproject\AJ-BLE-IC\source\application\handle_config.c estimated size: 527

D:\WORKproject\AJ-BLE-IC\source\driver\beep.c
		_handle_beep   		CODE           	1016	0000	25
		_init_beep     		CODE           	108E	0000	4

D:\WORKproject\AJ-BLE-IC\source\driver\beep.c estimated size: 29

D:\Program Files (x86)\Microchip\xc8\v1.30\sources\common\awdiv.c
		___awdiv       		CODE           	102F	0000	64

D:\Program Files (x86)\Microchip\xc8\v1.30\sources\common\awdiv.c estimated size: 64

