Microchip MPLAB XC8 Compiler V1.31 ()

Linker command line:

-W-3 --edf=C:\Program Files (x86)\Microchip\xc8\v1.31\dat\en_msgs.txt -cs \
  -h+dist/default/production\AJ-BLE-IC.X.production.sym \
  --cmf=dist/default/production\AJ-BLE-IC.X.production.cmf -z -Q16F1947 \
  -oC:\Users\ADMINI~1\AppData\Local\Temp\s468.6 \
  -Mdist/default/production/AJ-BLE-IC.X.production.map -E1 -ver=XC8 \
  -ASTACK=020B0h-0231fh -pstack=STACK -ACONST=00h-0FFhx64 \
  -ACODE=00h-07FFhx8 -ASTRCODE=00h-03FFFh -AENTRY=00h-0FFhx64 \
  -ASTRING=00h-0FFhx64 -ACOMMON=070h-07Fh -ABANK0=020h-06Fh \
  -ABANK1=0A0h-0EFh -ABANK2=0120h-016Fh -ABANK3=01A0h-01EFh \
  -ABANK4=0220h-026Fh -ABANK5=02A0h-02EFh -ABANK6=0320h-036Fh \
  -ABANK7=03A0h-03EFh -ABANK8=0420h-046Fh -ABANK9=04A0h-04EFh \
  -ABANK10=0520h-056Fh -ABANK11=05A0h-05EFh -ABANK12=0620h-064Fh \
  -ABIGRAM=02000h-023EFh \
  -ARAM=020h-06Fh,0A0h-0EFh,0120h-016Fh,01A0h-01EFh,0220h-026Fh,02A0h-02EFh,0320h-036Fh,03A0h-03EFh,0420h-046Fh,04A0h-04EFh,0520h-056Fh,05A0h-05EFh,0620h-064Fh \
  -AABS1=020h-07Fh,0A0h-0EFh,0120h-016Fh,01A0h-01EFh,0220h-026Fh,02A0h-02EFh,0320h-036Fh,03A0h-03EFh,0420h-046Fh,04A0h-04EFh,0520h-056Fh,05A0h-05EFh,0620h-064Fh \
  -ASFR0=00h-01Fh -ASFR1=080h-09Fh -ASFR2=0100h-011Fh -ASFR3=0180h-019Fh \
  -ASFR4=0200h-021Fh -ASFR5=0280h-029Fh -ASFR6=0300h-031Fh \
  -ASFR7=0380h-039Fh -ASFR8=0400h-041Fh -ASFR9=0480h-049Fh \
  -ASFR10=0500h-051Fh -ASFR11=0580h-059Fh -ASFR12=0600h-061Fh \
  -ASFR13=0680h-06EFh -ASFR14=0700h-076Fh -ASFR15=0780h-07EFh \
  -ASFR16=0800h-086Fh -ASFR17=0880h-08EFh -ASFR18=0900h-096Fh \
  -ASFR19=0980h-09EFh -ASFR20=0A00h-0A6Fh -ASFR21=0A80h-0AEFh \
  -ASFR22=0B00h-0B6Fh -ASFR23=0B80h-0BEFh -ASFR24=0C00h-0C6Fh \
  -ASFR25=0C80h-0CEFh -ASFR26=0D00h-0D6Fh -ASFR27=0D80h-0DEFh \
  -ASFR28=0E00h-0E6Fh -ASFR29=0E80h-0EEFh -ASFR30=0F00h-0F6Fh \
  -ASFR31=0F80h-0FEFh -preset_vec=00h,intentry=04h,init,end_init \
  -ppowerup=CODE -pcinit=CODE -pfunctab=CODE -ACONFIG=08007h-08008h \
  -pconfig=CONFIG -DCONFIG=2 -AIDLOC=08000h-08003h -pidloc=IDLOC -DIDLOC=2 \
  -AEEDATA=00h-0FFh/0F000h -peeprom_data=EEDATA -DEEDATA=2 -DCODE=2 \
  -DSTRCODE=2 -DSTRING=2 -DCONST=2 -DENTRY=2 -k \
  C:\Users\ADMINI~1\AppData\Local\Temp\s468.obj \
  dist/default/production\AJ-BLE-IC.X.production.obj 

Object code version is 3.11

Machine type is 16F1947



                Name                               Link     Load   Length Selector   Space Scale
C:\Users\ADMINI~1\AppData\Local\Temp\s468.obj
                end_init                             77       77        2        8       0
                reset_vec                             0        0        2        0       0
                config                             8007     8007        2    1000E       0
dist/default/production\AJ-BLE-IC.X.production.obj
                cinit                                79       79       27        8       0
                intentry                              4        4       73        8       0
                eeprom_data                           0     F000        8    1E000       3
                text21_split_1                       A0       A0      6E6        8       0
                text36                             1FC1     1FC1       3F     3F82       0
                text30                             1027     1027       44     204E       0
                swtext1                             7EE      7EE       10      FDC       0
                text25                              786      786       68        8       0
                text24                             1414     1414      3EC     2828       0
                text21                             1102     1102      16E     2204       0
                text20                              81E      81E      7E2     103C       0
                text16                             1270     1270      1A4     24E0       0
                text1                              106B     106B       97     20D6       0
                cstackBANK0                          20       20       27       20       1
                cstackCOMMON                         70       70        E       70       1
                clrtext                             818      818        6     1030       0
                bssBANK2                            120      120       10      120       1
                dataBANK1                            E0       E0        6       A0       1
                bssBANK1                             A0       A0       40       A0       1
                bssBANK0                             47       47       25       20       1
                nvBANK1                              E6       E6        3       A0       1
                nvBANK0                              6C       6C        4       20       1
                stringtext                         1800     1800      106       30       0

TOTAL           Name                               Link     Load   Length     Space
        CLASS   STACK          

        CLASS   CONST          
                swtext1                             7EE      7EE       10         0

        CLASS   CODE           
                end_init                             77       77        2         0
                cinit                                79       79       27         0
                intentry                              4        4       73         0
                reset_vec                             0        0        2         0
                text21_split_1                       A0       A0      6E6         0
                text36                             1FC1     1FC1       3F         0
                text30                             1027     1027       44         0
                text25                              786      786       68         0
                text24                             1414     1414      3EC         0
                text21                             1102     1102      16E         0
                text20                              81E      81E      7E2         0
                text16                             1270     1270      1A4         0
                text1                              106B     106B       97         0
                clrtext                             818      818        6         0

        CLASS   STRCODE        
                stringtext                         1800     1800      106         0

        CLASS   ENTRY          

        CLASS   STRING         

        CLASS   COMMON         
                cstackCOMMON                         70       70        E         1

        CLASS   BANK0          
                cstackBANK0                          20       20       27         1
                bssBANK0                             47       47       25         1
                nvBANK0                              6C       6C        4         1

        CLASS   BANK1          
                dataBANK1                            E0       E0        6         1
                bssBANK1                             A0       A0       40         1
                nvBANK1                              E6       E6        3         1

        CLASS   BANK2          
                bssBANK2                            120      120       10         1

        CLASS   BANK3          

        CLASS   BANK4          

        CLASS   BANK5          

        CLASS   BANK6          

        CLASS   BANK7          

        CLASS   BANK8          

        CLASS   BANK9          

        CLASS   BANK10         

        CLASS   BANK11         

        CLASS   BANK12         

        CLASS   BIGRAM         

        CLASS   RAM            

        CLASS   ABS1           
                abs_s1                               7E       7E        2         1

        CLASS   SFR0           

        CLASS   SFR1           

        CLASS   SFR2           

        CLASS   SFR3           

        CLASS   SFR4           

        CLASS   SFR5           

        CLASS   SFR6           

        CLASS   SFR7           

        CLASS   SFR8           

        CLASS   SFR9           

        CLASS   SFR10          

        CLASS   SFR11          

        CLASS   SFR12          

        CLASS   SFR13          

        CLASS   SFR14          

        CLASS   SFR15          

        CLASS   SFR16          

        CLASS   SFR17          

        CLASS   SFR18          

        CLASS   SFR19          

        CLASS   SFR20          

        CLASS   SFR21          

        CLASS   SFR22          

        CLASS   SFR23          

        CLASS   SFR24          

        CLASS   SFR25          

        CLASS   SFR26          

        CLASS   SFR27          

        CLASS   SFR28          

        CLASS   SFR29          

        CLASS   SFR30          

        CLASS   SFR31          

        CLASS   CONFIG         
                config                             8007     8007        2         0

        CLASS   IDLOC          

        CLASS   EEDATA         
                eeprom_data                           0     F000        8         3

        CLASS   BANK31         

        CLASS   BANK30         

        CLASS   BANK29         

        CLASS   BANK28         

        CLASS   BANK27         

        CLASS   BANK26         

        CLASS   BANK25         

        CLASS   BANK24         

        CLASS   BANK23         

        CLASS   BANK22         

        CLASS   BANK21         

        CLASS   BANK20         

        CLASS   BANK19         

        CLASS   BANK18         

        CLASS   BANK17         

        CLASS   BANK16         

        CLASS   BANK15         

        CLASS   BANK14         

        CLASS   BANK13         



SEGMENTS        Name                           Load    Length   Top    Selector   Space  Class     Delta

                reset_vec                      000000  000002  000002         0       0  CODE        2
                intentry                       000004  0007EA  0007EE         8       0  CODE        2
                cstackBANK0                    000020  000050  000070        20       1  BANK0       1
                cstackCOMMON                   000070  00000E  00007E        70       1  COMMON      1
                bssBANK1                       0000A0  000049  0000E9        A0       1  BANK1       1
                bssBANK2                       000120  000010  000130       120       1  BANK2       1
                swtext1                        0007EE  000010  0007FE       FDC       0  CONST       2
                clrtext                        000818  000006  00081E      1030       0  CODE        2
                text20                         00081E  0007E2  001000      103C       0  CODE        2
                text30                         001027  000044  00106B      204E       0  CODE        2
                text1                          00106B  000097  001102      20D6       0  CODE        2
                text21                         001102  00016E  001270      2204       0  CODE        2
                text16                         001270  0001A4  001414      24E0       0  CODE        2
                text24                         001414  0003EC  001800      2828       0  CODE        2
                stringtext                     001800  000106  001906        30       0  STRCODE     2
                text36                         001FC1  00003F  002000      3F82       0  CODE        2
                config                         008007  000002  008009     1000E       0  CONFIG      2
                eeprom_data                    00F000  000008  00F008     1E000       3  EEDATA      2


UNUSED ADDRESS RANGES

        Name                Unused          Largest block    Delta
        BANK1            0000E9-0000EF                7           1
        BANK10           000520-00056F               50           1
        BANK11           0005A0-0005EF               50           1
        BANK12           000620-00064F               30           1
        BANK2            000130-00016F               40           1
        BANK3            0001A0-0001EF               50           1
        BANK4            000220-00026F               50           1
        BANK5            0002A0-0002EF               50           1
        BANK6            000320-00036F               50           1
        BANK7            0003A0-0003EF               50           1
        BANK8            000420-00046F               50           1
        BANK9            0004A0-0004EF               50           1
        BIGRAM           002000-0023EF              3F0           1
        CODE             000002-000003                2           2
                         0007FE-000817                2
                         001000-001026               27
                         001906-001FC0              6BB
                         002000-003FFF              800
        CONST            000002-000003                2           2
                         0007FE-000817                2
                         001000-001026               27
                         001906-001FC0              100
                         002000-003FFF              100
        EEDATA           00F008-00F0FF               F8           2
        ENTRY            000002-000003                2           2
                         0007FE-000817                2
                         001000-001026               27
                         001906-001FC0              100
                         002000-003FFF              100
        IDLOC            008000-008003                4           2
        RAM              0000E9-0000EF                7           1
                         000130-00016F               40
                         0001A0-0001EF               50
                         000220-00026F               50
                         0002A0-0002EF               50
                         000320-00036F               50
                         0003A0-0003EF               50
                         000420-00046F               50
                         0004A0-0004EF               50
                         000520-00056F               50
                         0005A0-0005EF               50
                         000620-00064F               30
        SFR0             000000-00001F               20           1
        SFR1             000080-00009F               20           1
        SFR10            000500-00051F               20           1
        SFR11            000580-00059F               20           1
        SFR12            000600-00061F               20           1
        SFR13            000680-0006EF               70           1
        SFR14            000700-00076F               70           1
        SFR15            000780-0007EF               70           1
        SFR16            000800-00086F               70           1
        SFR17            000880-0008EF               70           1
        SFR18            000900-00096F               70           1
        SFR19            000980-0009EF               70           1
        SFR2             000100-00011F               20           1
        SFR20            000A00-000A6F               70           1
        SFR21            000A80-000AEF               70           1
        SFR22            000B00-000B6F               70           1
        SFR23            000B80-000BEF               70           1
        SFR24            000C00-000C6F               70           1
        SFR25            000C80-000CEF               70           1
        SFR26            000D00-000D6F               70           1
        SFR27            000D80-000DEF               70           1
        SFR28            000E00-000E6F               70           1
        SFR29            000E80-000EEF               70           1
        SFR3             000180-00019F               20           1
        SFR30            000F00-000F6F               70           1
        SFR31            000F80-000FEF               70           1
        SFR4             000200-00021F               20           1
        SFR5             000280-00029F               20           1
        SFR6             000300-00031F               20           1
        SFR7             000380-00039F               20           1
        SFR8             000400-00041F               20           1
        SFR9             000480-00049F               20           1
        STACK            0020B0-00231F              270           1
        STRCODE          000002-000003                2           2
                         0007FE-000817               1A
                         001000-001026               27
                         001906-001FC0              6BB
                         002000-003FFF             2000
        STRING           000002-000003                2           2
                         0007FE-000817                2
                         001000-001026               27
                         001906-001FC0              100
                         002000-003FFF              100

                                  Symbol Table

?___awdiv                           cstackCOMMON 000070
ClearBitMask@mask                   cstackCOMMON 000075
ClearBitMask@reg                    cstackCOMMON 000077
ClearBitMask@tmp                    cstackCOMMON 000076
GetRC500@address                    cstackCOMMON 000070
GetRC500@tmp                        cstackCOMMON 000071
ISR_RC500@cnt                       cstackCOMMON 000078
ISR_RC500@irqBits                   cstackCOMMON 00007A
ISR_RC500@irqMask                   cstackCOMMON 000076
ISR_RC500@nbytes                    cstackCOMMON 000079
ISR_RC500@oldPageSelect             cstackCOMMON 000077
Mf500HostCodeKey@an                 cstackCOMMON 000072
Mf500HostCodeKey@cnt                cstackCOMMON 000076
Mf500HostCodeKey@coded              cstackCOMMON 000070
Mf500HostCodeKey@hn                 cstackCOMMON 000074
Mf500HostCodeKey@ln                 cstackCOMMON 000075
Mf500HostCodeKey@uncoded            cstackCOMMON 000073
Mf500PiccAnticoll@bcnt              cstackBANK0  00003D
Mf500PiccAnticoll@snr               cstackCOMMON 00007D
Mf500PiccAuthState@auth_mode        cstackBANK0  00002A
Mf500PiccAuthState@block            cstackCOMMON 00007C
Mf500PiccAuthState@ret_status       cstackBANK0  00002B
Mf500PiccAuthState@snr              cstackCOMMON 00007B
Mf500PiccCascAnticoll@bcnt          cstackCOMMON 00007B
Mf500PiccCascAnticoll@byteOffset    cstackBANK0  000034
Mf500PiccCascAnticoll@complete      cstackBANK0  000033
Mf500PiccCascAnticoll@dummyShift1   cstackBANK0  000032
Mf500PiccCascAnticoll@dummyShift2   cstackBANK0  000031
Mf500PiccCascAnticoll@i             cstackBANK0  00003C
Mf500PiccCascAnticoll@nbits         cstackBANK0  00003B
Mf500PiccCascAnticoll@nbytes        cstackBANK0  000039
Mf500PiccCascAnticoll@ret_status    cstackBANK0  00003A
Mf500PiccCascAnticoll@select_code   cstackBANK0  00002E
Mf500PiccCascAnticoll@snr           cstackCOMMON 00007C
Mf500PiccCascAnticoll@snr_check     cstackBANK0  000030
Mf500PiccCascAnticoll@snr_crc       cstackBANK0  00002F
Mf500PiccCascAnticoll@snr_in        cstackBANK0  000035
Mf500PiccCascSelect@ret_status      cstackCOMMON 00007D
Mf500PiccCascSelect@select_code     cstackCOMMON 00007C
Mf500PiccCascSelect@snr             cstackCOMMON 00007B
Mf500PiccCommonRequest@atq          cstackCOMMON 00007B
Mf500PiccCommonRequest@req_code     cstackCOMMON 00007C
Mf500PiccCommonRequest@ret_status   cstackCOMMON 00007D
Mf500PiccLoadKey@keys               cstackCOMMON 00007C
Mf500PiccLoadKey@ret_status         cstackCOMMON 00007B
Mf500PiccRead@addr                  cstackBANK0  00002A
Mf500PiccRead@data1                 cstackCOMMON 00007B
Mf500PiccRead@i                     cstackBANK0  00002C
Mf500PiccRead@ret_status            cstackBANK0  00002B
Mf500PiccRequest@atq                cstackBANK0  00002A
Mf500PiccRequest@req_code           cstackBANK0  00002B
Mf500PiccSelect@snr                 cstackBANK0  00002A
Mf500PiccWrite@addr                 cstackCOMMON 00007C
Mf500PiccWrite@data1                cstackCOMMON 00007B
Mf500PiccWrite@ret_status           cstackCOMMON 00007D
PL10                                text24       0017EB
PL12                                text16       0013FB
PL14                                text20       000FD5
PL16                                text20       000FDC
PL18                                text24       0017F3
PL2                                 text20       000FBA
PL20                                text24       0017FA
PL22                                text20       000FE2
PL24                                text16       001403
PL26                                text16       001409
PL28                                text16       00140F
PL4                                 text20       000FC3
PL6                                 text25       0007E4
PL8                                 text20       000FCC
PcdReset@count01                    cstackCOMMON 000073
PcdReset@count02                    cstackCOMMON 000075
PcdReset@i                          cstackCOMMON 000078
PcdReset@ret_status                 cstackCOMMON 000077
PcdRfReset@i                        cstackCOMMON 00007A
PcdRfReset@ms                       cstackCOMMON 000079
PcdSetTmo@tmoLength                 cstackCOMMON 000075
PcdSingleResponseCmd@cmd            cstackBANK0  000025
PcdSingleResponseCmd@count01        cstackBANK0  000020
PcdSingleResponseCmd@count02        cstackBANK0  000022
PcdSingleResponseCmd@irqEn          cstackBANK0  000026
PcdSingleResponseCmd@lastBits       cstackBANK0  000024
PcdSingleResponseCmd@ret_status     cstackBANK0  000028
PcdSingleResponseCmd@tmpStatus      cstackBANK0  000029
PcdSingleResponseCmd@waitFor        cstackBANK0  000027
PutRC500@address                    cstackCOMMON 000071
PutRC500@data                       cstackCOMMON 000070
RC500Config@i                       cstackCOMMON 00007D
RC500Config@ret_status              cstackCOMMON 00007C
RC500OutSelect@type                 cstackCOMMON 000075
ReadRC@address                      cstackCOMMON 000073
SetBitMask@mask                     cstackCOMMON 000075
SetBitMask@reg                      cstackCOMMON 000077
SetBitMask@tmp                      cstackCOMMON 000076
WriteRC@address                     cstackCOMMON 000074
WriteRC@data                        cstackCOMMON 000072
_ANSELA                             (abs)        00018C
_ANSELE                             (abs)        000190
_ANSELF                             (abs)        00040C
_ANSELG                             (abs)        00040D
_BAUD1CON                           (abs)        00019F
_BAUD2CON                           (abs)        000497
_ClearBitMask                       text24       001787
_EEADR                              (abs)        000191
_EEDATA                             (abs)        000193
_EEPGD                              (abs)        000CAF
_FlushFIFO                          text20       000EF7
_GIE                                (abs)        00005F
_GetRC500                           text16       0013E5
_ISR_RC500                          text16       0012E4
_LATEbits                           (abs)        000110
_LATGbits                           (abs)        00038D
_MInfo                              bssBANK0     000064
_MRcvBuffer                         bssBANK1     0000A6
_MSndBuffer                         bssBANK1     0000B6
_Mf500HostCodeKey                   text20       000EFB
_Mf500PiccAnticoll                  text20       000F47
_Mf500PiccAuthState                 text20       000D60
_Mf500PiccCascAnticoll              text24       001484
_Mf500PiccCascSelect                text36       001FC1
_Mf500PiccCommonRequest             text30       001027
_Mf500PiccLoadKey                   text20       000EE1
_Mf500PiccRead                      text25       000786
_Mf500PiccRequest                   text20       000F4F
_Mf500PiccSelect                    text20       000F32
_Mf500PiccWrite                     text24       001414
_MpIsrIn                            bssBANK0     000053
_MpIsrInfo                          bssBANK0     000054
_MpIsrOut                           bssBANK0     000055
_OSCCON                             (abs)        000099
_PEIE                               (abs)        00005E
_PORTD                              (abs)        00000F
_PWD_TABLE                          stringtext   001801
_PcdReset                           text16       001270
_PcdRfReset                         text24       0017D1
_PcdSetTmo                          text24       0015D1
_PcdSingleResponseCmd               text24       001612
_PutRC500                           text16       0013CC
_RA0                                (abs)        000060
_RA1                                (abs)        000061
_RB4                                (abs)        00006C
_RB5                                (abs)        00006D
_RC0                                (abs)        000070
_RC1                                (abs)        000071
_RC1IE                              (abs)        00048D
_RC1IF                              (abs)        00008D
_RC1REG                             (abs)        000199
_RC1STA                             (abs)        00019D
_RC2                                (abs)        000072
_RC2IE                              (abs)        0004A5
_RC2IF                              (abs)        0000A5
_RC2REG                             (abs)        000491
_RC2STA                             (abs)        000495
_RC3                                (abs)        000073
_RC4                                (abs)        000074
_RC5                                (abs)        000075
_RC500Config                        text24       00171B
_RC500OutSelect                     text1        0010FB
_RD                                 (abs)        000CA8
_ReadRC                             text24       001778
_SP1BRGH                            (abs)        00019C
_SP1BRGL                            (abs)        00019B
_SP2BRGH                            (abs)        000494
_SP2BRGL                            (abs)        000493
_SetBitMask                         text20       000FB1
_T1CON                              (abs)        000018
_TMR1H                              (abs)        000017
_TMR1IE                             (abs)        000488
_TMR1IF                             (abs)        000088
_TMR1L                              (abs)        000016
_TRISAbits                          (abs)        00008C
_TRISCbits                          (abs)        00008E
_TRISD                              (abs)        00008F
_TRISEbits                          (abs)        000090
_TRISGbits                          (abs)        00030D
_TX1REG                             (abs)        00019A
_TX1STA                             (abs)        00019E
_TX1STAbits                         (abs)        00019E
_TX2STA                             (abs)        000496
_WriteRC                            text24       001767
__Babs1                             abs1         01E010
__Bbank0                            bank0        01E010
__Bbank1                            bank1        01E010
__Bbank10                           bank10       01E010
__Bbank11                           bank11       01E010
__Bbank12                           bank12       01E010
__Bbank13                           bank13       01E010
__Bbank14                           bank14       01E010
__Bbank15                           bank15       01E010
__Bbank16                           bank16       01E010
__Bbank17                           bank17       01E010
__Bbank18                           bank18       01E010
__Bbank19                           bank19       01E010
__Bbank2                            bank2        01E010
__Bbank20                           bank20       01E010
__Bbank21                           bank21       01E010
__Bbank22                           bank22       01E010
__Bbank23                           bank23       01E010
__Bbank24                           bank24       01E010
__Bbank25                           bank25       01E010
__Bbank26                           bank26       01E010
__Bbank27                           bank27       01E010
__Bbank28                           bank28       01E010
__Bbank29                           bank29       01E010
__Bbank3                            bank3        01E010
__Bbank30                           bank30       01E010
__Bbank31                           bank31       01E010
__Bbank4                            bank4        01E010
__Bbank5                            bank5        01E010
__Bbank6                            bank6        01E010
__Bbank7                            bank7        01E010
__Bbank8                            bank8        01E010
__Bbank9                            bank9        01E010
__Bbigram                           bigram       01E010
__BbssBANK0                         bssBANK0     01E010
__BbssBANK1                         bssBANK1     01E010
__BbssBANK2                         bssBANK2     01E010
__Bclrtext                          clrtext      01E010
__Bcode                             code         01E010
__Bcommon                           common       01E010
__BcstackBANK0                      cstackBANK0  01E010
__BcstackCOMMON                     cstackCOMMON 01E010
__BdataBANK1                        dataBANK1    01E010
__Beeprom_data                      eeprom_data  00F000
__BidataBANK1                       idataBANK1   01E010
__Bmaintext                         maintext     01E010
__BnvBANK0                          nvBANK0      01E010
__BnvBANK1                          nvBANK1      01E010
__Bpa_nodes                         pa_nodes     01E010
__Bram                              ram          01E010
__Bsfr0                             sfr0         01E010
__Bsfr1                             sfr1         01E010
__Bsfr10                            sfr10        01E010
__Bsfr11                            sfr11        01E010
__Bsfr12                            sfr12        01E010
__Bsfr13                            sfr13        01E010
__Bsfr14                            sfr14        01E010
__Bsfr15                            sfr15        01E010
__Bsfr16                            sfr16        01E010
__Bsfr17                            sfr17        01E010
__Bsfr18                            sfr18        01E010
__Bsfr19                            sfr19        01E010
__Bsfr2                             sfr2         01E010
__Bsfr20                            sfr20        01E010
__Bsfr21                            sfr21        01E010
__Bsfr22                            sfr22        01E010
__Bsfr23                            sfr23        01E010
__Bsfr24                            sfr24        01E010
__Bsfr25                            sfr25        01E010
__Bsfr26                            sfr26        01E010
__Bsfr27                            sfr27        01E010
__Bsfr28                            sfr28        01E010
__Bsfr29                            sfr29        01E010
__Bsfr3                             sfr3         01E010
__Bsfr30                            sfr30        01E010
__Bsfr31                            sfr31        01E010
__Bsfr4                             sfr4         01E010
__Bsfr5                             sfr5         01E010
__Bsfr6                             sfr6         01E010
__Bsfr7                             sfr7         01E010
__Bsfr8                             sfr8         01E010
__Bsfr9                             sfr9         01E010
__Bstrings                          strings      01E010
__Bstringtext                       stringtext   01E010
__Btext                             text         01E010
__CFG_FCMEN$OFF                     (abs)        000000
__CFG_FOSC$INTOSC                   (abs)        000000
__CFG_PLLEN$OFF                     (abs)        000000
__CFG_WDTE$ON                       (abs)        000000
__Habs1                             abs1         000010
__Hbank0                            bank0        000010
__Hbank1                            bank1        000010
__Hbank10                           bank10       000010
__Hbank11                           bank11       000010
__Hbank12                           bank12       000010
__Hbank13                           bank13       000010
__Hbank14                           bank14       000010
__Hbank15                           bank15       000010
__Hbank16                           bank16       000010
__Hbank17                           bank17       000010
__Hbank18                           bank18       000010
__Hbank19                           bank19       000010
__Hbank2                            bank2        000010
__Hbank20                           bank20       000010
__Hbank21                           bank21       000010
__Hbank22                           bank22       000010
__Hbank23                           bank23       000010
__Hbank24                           bank24       000010
__Hbank25                           bank25       000010
__Hbank26                           bank26       000010
__Hbank27                           bank27       000010
__Hbank28                           bank28       000010
__Hbank29                           bank29       000010
__Hbank3                            bank3        000010
__Hbank30                           bank30       000010
__Hbank31                           bank31       000010
__Hbank4                            bank4        000010
__Hbank5                            bank5        000010
__Hbank6                            bank6        000010
__Hbank7                            bank7        000010
__Hbank8                            bank8        000010
__Hbank9                            bank9        000010
__Hbigram                           bigram       000010
__HbssBANK0                         bssBANK0     000010
__HbssBANK1                         bssBANK1     000010
__HbssBANK2                         bssBANK2     000010
__Hcinit                            cinit        0000A0
__Hclrtext                          clrtext      000010
__Hcode                             code         000010
__Hcommon                           common       000010
__Hconfig                           config       008009
__HcstackBANK0                      cstackBANK0  000010
__HcstackCOMMON                     cstackCOMMON 000010
__HdataBANK1                        dataBANK1    000010
__Heeprom_data                      eeprom_data  000008
__Hend_init                         end_init     000079
__Hfunctab                          functab      000000
__HidataBANK1                       idataBANK1   000010
__Hidloc                            idloc        000000
__Hinit                             init         000077
__Hintentry                         intentry     000077
__Hmaintext                         maintext     000010
__HnvBANK0                          nvBANK0      000010
__HnvBANK1                          nvBANK1      000010
__Hpa_nodes                         pa_nodes     000010
__Hpowerup                          powerup      000000
__Hram                              ram          000010
__Hreset_vec                        reset_vec    000002
__Hsfr0                             sfr0         000010
__Hsfr1                             sfr1         000010
__Hsfr10                            sfr10        000010
__Hsfr11                            sfr11        000010
__Hsfr12                            sfr12        000010
__Hsfr13                            sfr13        000010
__Hsfr14                            sfr14        000010
__Hsfr15                            sfr15        000010
__Hsfr16                            sfr16        000010
__Hsfr17                            sfr17        000010
__Hsfr18                            sfr18        000010
__Hsfr19                            sfr19        000010
__Hsfr2                             sfr2         000010
__Hsfr20                            sfr20        000010
__Hsfr21                            sfr21        000010
__Hsfr22                            sfr22        000010
__Hsfr23                            sfr23        000010
__Hsfr24                            sfr24        000010
__Hsfr25                            sfr25        000010
__Hsfr26                            sfr26        000010
__Hsfr27                            sfr27        000010
__Hsfr28                            sfr28        000010
__Hsfr29                            sfr29        000010
__Hsfr3                             sfr3         000010
__Hsfr30                            sfr30        000010
__Hsfr31                            sfr31        000010
__Hsfr4                             sfr4         000010
__Hsfr5                             sfr5         000010
__Hsfr6                             sfr6         000010
__Hsfr7                             sfr7         000010
__Hsfr8                             sfr8         000010
__Hsfr9                             sfr9         000010
__Hstack                            stack        000000
__Hstrings                          strings      000010
__Hstringtext                       stringtext   000010
__Htext                             text         000010
__Labs1                             abs1         000010
__Lbank0                            bank0        000010
__Lbank1                            bank1        000010
__Lbank10                           bank10       000010
__Lbank11                           bank11       000010
__Lbank12                           bank12       000010
__Lbank13                           bank13       000010
__Lbank14                           bank14       000010
__Lbank15                           bank15       000010
__Lbank16                           bank16       000010
__Lbank17                           bank17       000010
__Lbank18                           bank18       000010
__Lbank19                           bank19       000010
__Lbank2                            bank2        000010
__Lbank20                           bank20       000010
__Lbank21                           bank21       000010
__Lbank22                           bank22       000010
__Lbank23                           bank23       000010
__Lbank24                           bank24       000010
__Lbank25                           bank25       000010
__Lbank26                           bank26       000010
__Lbank27                           bank27       000010
__Lbank28                           bank28       000010
__Lbank29                           bank29       000010
__Lbank3                            bank3        000010
__Lbank30                           bank30       000010
__Lbank31                           bank31       000010
__Lbank4                            bank4        000010
__Lbank5                            bank5        000010
__Lbank6                            bank6        000010
__Lbank7                            bank7        000010
__Lbank8                            bank8        000010
__Lbank9                            bank9        000010
__Lbigram                           bigram       000010
__LbssBANK0                         bssBANK0     000010
__LbssBANK1                         bssBANK1     000010
__LbssBANK2                         bssBANK2     000010
__Lcinit                            cinit        000079
__Lclrtext                          clrtext      000010
__Lcode                             code         000010
__Lcommon                           common       000010
__Lconfig                           config       008007
__LcstackBANK0                      cstackBANK0  000010
__LcstackCOMMON                     cstackCOMMON 000010
__LdataBANK1                        dataBANK1    000010
__Leeprom_data                      eeprom_data  000000
__Lend_init                         end_init     000077
__Lfunctab                          functab      000000
__LidataBANK1                       idataBANK1   000010
__Lidloc                            idloc        000000
__Linit                             init         000077
__Lintentry                         intentry     000004
__Lmaintext                         maintext     000010
__LnvBANK0                          nvBANK0      000010
__LnvBANK1                          nvBANK1      000010
__Lpa_nodes                         pa_nodes     000010
__Lpowerup                          powerup      000000
__Lram                              ram          000010
__Lreset_vec                        reset_vec    000000
__Lsfr0                             sfr0         000010
__Lsfr1                             sfr1         000010
__Lsfr10                            sfr10        000010
__Lsfr11                            sfr11        000010
__Lsfr12                            sfr12        000010
__Lsfr13                            sfr13        000010
__Lsfr14                            sfr14        000010
__Lsfr15                            sfr15        000010
__Lsfr16                            sfr16        000010
__Lsfr17                            sfr17        000010
__Lsfr18                            sfr18        000010
__Lsfr19                            sfr19        000010
__Lsfr2                             sfr2         000010
__Lsfr20                            sfr20        000010
__Lsfr21                            sfr21        000010
__Lsfr22                            sfr22        000010
__Lsfr23                            sfr23        000010
__Lsfr24                            sfr24        000010
__Lsfr25                            sfr25        000010
__Lsfr26                            sfr26        000010
__Lsfr27                            sfr27        000010
__Lsfr28                            sfr28        000010
__Lsfr29                            sfr29        000010
__Lsfr3                             sfr3         000010
__Lsfr30                            sfr30        000010
__Lsfr31                            sfr31        000010
__Lsfr4                             sfr4         000010
__Lsfr5                             sfr5         000010
__Lsfr6                             sfr6         000010
__Lsfr7                             sfr7         000010
__Lsfr8                             sfr8         000010
__Lsfr9                             sfr9         000010
__Lstack                            stack        000000
__Lstrings                          strings      000010
__Lstringtext                       stringtext   000010
__Ltext                             text         000010
__S0                                (abs)        008009
__S1                                (abs)        000130
__S2                                (abs)        000000
__S3                                (abs)        00F008
___awdiv                            text24       001791
___awdiv@counter                    cstackCOMMON 000074
___awdiv@dividend                   cstackCOMMON 000072
___awdiv@divisor                    cstackCOMMON 000070
___awdiv@quotient                   cstackCOMMON 000076
___awdiv@sign                       cstackCOMMON 000075
___int_sp                           stack        000000
___latbits                          (abs)        000003
___sp                               stack        000000
__end_ofPL10                        text24       0017F3
__end_ofPL12                        text16       001403
__end_ofPL14                        text20       000FDC
__end_ofPL16                        text20       000FE2
__end_ofPL18                        text24       0017FA
__end_ofPL2                         text20       000FC3
__end_ofPL20                        text24       001800
__end_ofPL22                        text20       000FE8
__end_ofPL24                        text16       001409
__end_ofPL26                        text16       00140F
__end_ofPL28                        text16       001414
__end_ofPL4                         text20       000FCC
__end_ofPL6                         text25       0007EE
__end_ofPL8                         text20       000FD5
__end_of_ClearBitMask               text24       001791
__end_of_FlushFIFO                  text20       000EFB
__end_of_GetRC500                   text16       0013FB
__end_of_ISR_RC500                  text16       0013CC
__end_of_Mf500HostCodeKey           text20       000F2B
__end_of_Mf500PiccAnticoll          text20       000F4F
__end_of_Mf500PiccAuthState         text20       000DB2
__end_of_Mf500PiccCascAnticoll      text24       0015D1
__end_of_Mf500PiccCascSelect        text36       002000
__end_of_Mf500PiccCommonRequest     text30       00106B
__end_of_Mf500PiccLoadKey           text20       000EF7
__end_of_Mf500PiccRead              text25       0007E4
__end_of_Mf500PiccRequest           text20       000F55
__end_of_Mf500PiccSelect            text20       000F37
__end_of_Mf500PiccWrite             text24       001484
__end_of_PWD_TABLE                  stringtext   001901
__end_of_PcdReset                   text16       0012E4
__end_of_PcdRfReset                 text24       0017EB
__end_of_PcdSetTmo                  text24       001612
__end_of_PcdSingleResponseCmd       text24       00171B
__end_of_PutRC500                   text16       0013E5
__end_of_RC500Config                text24       001767
__end_of_RC500OutSelect             text1        001102
__end_of_ReadRC                     text24       001787
__end_of_SetBitMask                 text20       000FBA
__end_of_WriteRC                    text24       001778
__end_of___awdiv                    text24       0017D1
__end_of__initialization            cinit        00009D
__end_of__stringdata                stringtext   001906
__end_of__stringtab                 stringtext   001801
__end_of_check_user_card            text20       000DE1
__end_of_checkpsw                   text20       000D60
__end_of_checkpsw_super             text20       000F6E
__end_of_checksum                   text20       000E98
__end_of_deal_floor                 text21_split_1 000784
__end_of_delay_ms                   text20       000CE1
__end_of_ds1302_get_time            text20       000E05
__end_of_ds1302_read                text20       000E1E
__end_of_ds1302_read_byte           text20       000FB1
__end_of_ds1302_set_time            text20       000E53
__end_of_ds1302_write               text20       000E6B
__end_of_ds1302_write_byte          text20       000E85
__end_of_find_project_key           text20       000EC3
__end_of_handle_beep                text20       001000
__end_of_handle_config              text20       000BA3
__end_of_handle_ic_card             text20       000D51
__end_of_handle_timer               text20       000F98
__end_of_init_beep                  text1        00108E
__end_of_init_ds1302                text1        0010A2
__end_of_init_hardware              text1        00108A
__end_of_init_i2c                   text1        0010A8
__end_of_init_interrupt             text1        0010AB
__end_of_init_led                   text1        0010B2
__end_of_init_mfrc500               text1        0010C1
__end_of_init_osc                   text1        0010C5
__end_of_init_port                  text1        0010CC
__end_of_init_timer1                text1        0010D5
__end_of_init_uart1                 text1        0010E6
__end_of_init_uart2                 text1        0010FB
__end_of_isr                        intentry     000077
__end_of_main                       text20       000C72
__end_of_memcpy                     text20       000EE1
__end_of_read_24c02                 text20       000C86
__end_of_read_card_content          text20       0009B0
__end_of_read_eeprom                text20       000BC8
__end_of_read_id                    text20       000F32
__end_of_rece_byte                  text20       000CFC
__end_of_rfcard                     text20       000F47
__end_of_same_id                    text20       000F86
__end_of_send_byte                  text20       000CB0
__end_of_start_i2c                  text20       000CC6
__end_of_stop_i2c                   text20       000EA9
__end_of_uart1_send_byte            text20       000BAC
__end_of_write_24c02                text20       000BBE
__initialization                    cinit        000079
__pbssBANK0                         bssBANK0     000047
__pbssBANK1                         bssBANK1     0000A0
__pbssBANK2                         bssBANK2     000120
__pcstackBANK0                      cstackBANK0  000020
__pcstackCOMMON                     cstackCOMMON 000070
__pdataBANK1                        dataBANK1    0000E0
__pidataBANK1                       idataBANK1   000000
__pintentry                         intentry     000004
__pmaintext                         text20       000BC8
__pnvBANK0                          nvBANK0      00006C
__pnvBANK1                          nvBANK1      0000E6
__pstringtext                       stringtext   001800
__pswtext1                          swtext1      0007EE
__ptext1                            text1        00106B
__ptext10                           text1        0010A2
__ptext11                           text1        00108E
__ptext12                           text1        00108A
__ptext13                           text1        0010FB
__ptext14                           text24       00171B
__ptext15                           text24       0017D1
__ptext16                           text16       001270
__ptext17                           text20       000F86
__ptext18                           text20       000CFC
__ptext19                           text20       000F6E
__ptext2                            text1        0010E6
__ptext20                           text20       00081E
__ptext21                           text21       001102
__ptext22                           text20       000E85
__ptext23                           text20       000DB2
__ptext24                           text24       001414
__ptext25                           text25       000786
__ptext26                           text20       000FE8
__ptext27                           text20       000F55
__ptext28                           text20       000F37
__ptext29                           text20       000F4F
__ptext3                            text1        0010D5
__ptext30                           text30       001027
__ptext31                           text20       000F47
__ptext32                           text24       001484
__ptext33                           text24       001791
__ptext34                           text20       000F2B
__ptext35                           text20       000F32
__ptext36                           text36       001FC1
__ptext37                           text24       001787
__ptext38                           text20       000D51
__ptext39                           text20       000EE1
__ptext4                            text1        0010CC
__ptext40                           text20       000EFB
__ptext41                           text20       000D60
__ptext42                           text20       000EC3
__ptext43                           text24       001612
__ptext44                           text16       0012E4
__ptext45                           text20       000EF7
__ptext46                           text20       000FB1
__ptext47                           text24       001778
__ptext48                           text16       0013E5
__ptext49                           text24       0015D1
__ptext5                            text1        0010C5
__ptext50                           text24       001767
__ptext51                           text16       0013CC
__ptext52                           text20       0009B0
__ptext53                           text20       000BAC
__ptext54                           text20       000CC6
__ptext55                           text20       000BA3
__ptext56                           text20       000BBE
__ptext57                           text20       000C72
__ptext58                           text20       000E98
__ptext59                           text20       000CB0
__ptext6                            text1        0010C1
__ptext60                           text20       000C86
__ptext61                           text20       000CE1
__ptext62                           text20       000EA9
__ptext63                           text20       000E1E
__ptext64                           text20       000E53
__ptext65                           text20       000DE1
__ptext66                           text20       000E05
__ptext67                           text20       000E6B
__ptext68                           text20       000F98
__ptext7                            text1        0010B2
__ptext8                            text1        0010AB
__ptext9                            text1        0010A8
__size_of_ClearBitMask              (abs)        000000
__size_of_FlushFIFO                 (abs)        000000
__size_of_GetRC500                  (abs)        000000
__size_of_ISR_RC500                 (abs)        000000
__size_of_Mf500HostCodeKey          (abs)        000000
__size_of_Mf500PiccAnticoll         (abs)        000000
__size_of_Mf500PiccAuthState        (abs)        000000
__size_of_Mf500PiccCascAnticoll     (abs)        000000
__size_of_Mf500PiccCascSelect       (abs)        000000
__size_of_Mf500PiccCommonRequest    (abs)        000000
__size_of_Mf500PiccLoadKey          (abs)        000000
__size_of_Mf500PiccRead             (abs)        000000
__size_of_Mf500PiccRequest          (abs)        000000
__size_of_Mf500PiccSelect           (abs)        000000
__size_of_Mf500PiccWrite            (abs)        000000
__size_of_PcdReset                  (abs)        000000
__size_of_PcdRfReset                (abs)        000000
__size_of_PcdSetTmo                 (abs)        000000
__size_of_PcdSingleResponseCmd      (abs)        000000
__size_of_PutRC500                  (abs)        000000
__size_of_RC500Config               (abs)        000000
__size_of_RC500OutSelect            (abs)        000000
__size_of_ReadRC                    (abs)        000000
__size_of_SetBitMask                (abs)        000000
__size_of_WriteRC                   (abs)        000000
__size_of___awdiv                   (abs)        000000
__size_of_check_user_card           (abs)        000000
__size_of_checkpsw                  (abs)        000000
__size_of_checkpsw_super            (abs)        000000
__size_of_checksum                  (abs)        000000
__size_of_deal_floor                (abs)        000000
__size_of_delay_ms                  (abs)        000000
__size_of_ds1302_get_time           (abs)        000000
__size_of_ds1302_read               (abs)        000000
__size_of_ds1302_read_byte          (abs)        000000
__size_of_ds1302_set_time           (abs)        000000
__size_of_ds1302_write              (abs)        000000
__size_of_ds1302_write_byte         (abs)        000000
__size_of_find_project_key          (abs)        000000
__size_of_handle_beep               (abs)        000000
__size_of_handle_config             (abs)        000000
__size_of_handle_ic_card            (abs)        000000
__size_of_handle_timer              (abs)        000000
__size_of_init_beep                 (abs)        000000
__size_of_init_ds1302               (abs)        000000
__size_of_init_hardware             (abs)        000000
__size_of_init_i2c                  (abs)        000000
__size_of_init_interrupt            (abs)        000000
__size_of_init_led                  (abs)        000000
__size_of_init_mfrc500              (abs)        000000
__size_of_init_osc                  (abs)        000000
__size_of_init_port                 (abs)        000000
__size_of_init_timer1               (abs)        000000
__size_of_init_uart1                (abs)        000000
__size_of_init_uart2                (abs)        000000
__size_of_isr                       (abs)        000000
__size_of_main                      (abs)        000000
__size_of_memcpy                    (abs)        000000
__size_of_read_24c02                (abs)        000000
__size_of_read_card_content         (abs)        000000
__size_of_read_eeprom               (abs)        000000
__size_of_read_id                   (abs)        000000
__size_of_rece_byte                 (abs)        000000
__size_of_rfcard                    (abs)        000000
__size_of_same_id                   (abs)        000000
__size_of_send_byte                 (abs)        000000
__size_of_start_i2c                 (abs)        000000
__size_of_stop_i2c                  (abs)        000000
__size_of_uart1_send_byte           (abs)        000000
__size_of_write_24c02               (abs)        000000
__stringdata                        stringtext   001901
__stringtab                         stringtext   001800
_card_id                            bssBANK0     00004F
_card_type                          bssBANK0     000056
_check_user_card                    text20       000DB2
_checkpsw                           text20       000D51
_checkpsw_super                     text20       000F55
_checksum                           text20       000E85
_count                              bssBANK0     000057
_count_uart1_receive                bssBANK0     000058
_count_uart2_receive                bssBANK0     000059
_day                                nvBANK0      00006C
_deal_floor                         text21       001102
_delay_ms                           text20       000CC6
_ds1302_get_time                    text20       000DE1
_ds1302_read                        text20       000E05
_ds1302_read_byte                   text20       000F98
_ds1302_set_time                    text20       000E1E
_ds1302_write                       text20       000E53
_ds1302_write_byte                  text20       000E6B
_find_project_key                   text20       000EA9
_flag_timer                         bssBANK0     00005A
_flag_uart1_cmd                     bssBANK0     00005B
_flag_uart2_cmd                     bssBANK0     00005C
_flag_user_card                     bssBANK0     00005D
_group                              bssBANK0     00005E
_handle_beep                        text20       000FE8
_handle_config                      text20       0009B0
_handle_ic_card                     text20       000CFC
_handle_timer                       text20       000F86
_hour                               nvBANK0      00006D
_ic_card                            bssBANK1     0000A0
_init_beep                          text1        00108A
_init_ds1302                        text1        00108E
_init_hardware                      text1        00106B
_init_i2c                           text1        0010A2
_init_interrupt                     text1        0010A8
_init_led                           text1        0010AB
_init_mfrc500                       text1        0010B2
_init_osc                           text1        0010C1
_init_port                          text1        0010C5
_init_timer1                        text1        0010CC
_init_uart1                         text1        0010D5
_init_uart2                         text1        0010E6
_is_enable                          bssBANK0     00005F
_isr                                intentry     000004
_keys                               bssBANK1     0000D4
_keys_super                         dataBANK1    0000E0
_main                               text20       000BC8
_memcpy                             text20       000EC3
_minute                             nvBANK1      0000E6
_month                              nvBANK0      00006E
_read_24c02                         text20       000C72
_read_card_content                  text20       00081E
_read_eeprom                        text20       000BBE
_read_id                            text20       000F2B
_rece_byte                          text20       000CE1
_rfcard                             text20       000F37
_same_id                            text20       000F6E
_second                             nvBANK1      0000E7
_sector_number                      bssBANK0     000060
_send_byte                          text20       000C86
_snr_rc500                          bssBANK1     0000DA
_start_i2c                          text20       000CB0
_stop_i2c                           text20       000E98
_timer_count                        bssBANK1     0000A4
_tt1                                bssBANK1     0000DE
_uart1_cnt                          bssBANK0     000061
_uart1_receive_buffer               bssBANK0     000047
_uart1_send_byte                    text20       000BA3
_uart2_cnt                          bssBANK0     000062
_uart2_receive_buffer               bssBANK2     000120
_user_card                          bssBANK1     0000C6
_user_card_count                    bssBANK0     000063
_week                               nvBANK1      0000E8
_write_24c02                        text20       000BAC
_year                               nvBANK0      00006F
btemp                               (abs)        00007E
check_user_card@i                   cstackCOMMON 000074
checksum@data                       cstackCOMMON 000073
checksum@i                          cstackCOMMON 000074
checksum@length                     cstackCOMMON 000070
checksum@sum                        cstackCOMMON 000072
clear_ram0                          clrtext      000818
deal_floor@data                     cstackBANK0  000020
deal_floor@floor                    cstackBANK0  000022
deal_floor@i                        cstackBANK0  000021
delay_ms@count                      cstackCOMMON 000070
delay_ms@i                          cstackCOMMON 000072
delay_ms@j                          cstackCOMMON 000074
ds1302_read@address                 cstackCOMMON 000072
ds1302_read@temp                    cstackCOMMON 000073
ds1302_read_byte@data               cstackCOMMON 000070
ds1302_read_byte@i                  cstackCOMMON 000071
ds1302_write@address                cstackCOMMON 000073
ds1302_write@data                   cstackCOMMON 000072
ds1302_write_byte@data              cstackCOMMON 000070
ds1302_write_byte@i                 cstackCOMMON 000071
end_of_initialization               cinit        00009D
find_project_key@data               cstackCOMMON 000070
find_project_key@i                  cstackCOMMON 000071
handle_config@i                     cstackBANK0  000027
handle_config@report_the_loss_count cstackBANK0  000026
handle_config@tmp_buffer            cstackBANK0  000020
intlevel0                           functab      000000
intlevel1                           functab      000000
intlevel2                           functab      000000
intlevel3                           functab      000000
intlevel4                           functab      000000
intlevel5                           functab      000000
ltemp                               (abs)        00007E
ltemp0                              (abs)        00007E
ltemp1                              (abs)        000082
ltemp2                              (abs)        000086
ltemp3                              (abs)        000080
main@i                              cstackBANK0  000043
main@i_954                          cstackBANK0  000044
main@j                              cstackBANK0  000046
main@pwd                            cstackBANK0  000042
memcpy@d                            cstackCOMMON 000076
memcpy@d1                           cstackCOMMON 000077
memcpy@n                            cstackCOMMON 000072
memcpy@s                            cstackCOMMON 000074
memcpy@s1                           cstackCOMMON 000070
pnum$text21                         (abs)        000024
pnum$text21_split_1                 (abs)        000057
psplit$0                            (abs)        240057
read_24c02@address                  cstackCOMMON 000072
read_24c02@data                     cstackCOMMON 000073
read_card_content@data              cstackBANK0  00002E
read_card_content@i                 cstackBANK0  000040
read_card_content@ret               cstackBANK0  000041
read_card_content@user_count        cstackBANK0  00003E
read_eeprom@address                 cstackCOMMON 000070
rece_byte@i                         cstackCOMMON 000071
rece_byte@read_data                 cstackCOMMON 000070
reset_vec                           reset_vec    000000
rfcard@ret                          cstackBANK0  00003E
send_byte@i                         cstackCOMMON 000071
send_byte@write_data                cstackCOMMON 000070
stackhi                             (abs)        00231F
stacklo                             (abs)        0020B0
start                               init         000077
start_initialization                cinit        000079
ttemp                               (abs)        00007E
ttemp0                              (abs)        00007E
ttemp1                              (abs)        000081
ttemp2                              (abs)        000084
ttemp3                              (abs)        000087
ttemp4                              (abs)        00007F
uart1_send_byte@data                cstackCOMMON 000070
write_24c02@address                 cstackCOMMON 000077
write_24c02@data                    cstackCOMMON 000076
wtemp                               (abs)        00007E
wtemp0                              (abs)        00007E
wtemp1                              (abs)        000080
wtemp2                              (abs)        000082
wtemp3                              (abs)        000084
wtemp4                              (abs)        000086
wtemp5                              (abs)        000088
wtemp6                              (abs)        00007F


FUNCTION INFORMATION:

 *************** function _main *****************
 Defined at:
		line 281 in file "../../source/main/main.c"
 Parameters:    Size  Location     Type
		None
 Auto vars:     Size  Location     Type
  i               2   36[BANK0 ] unsigned short 
  j               1   38[BANK0 ] unsigned char 
  i               1   35[BANK0 ] unsigned char 
  pwd             1   34[BANK0 ] unsigned char 
 Return value:  Size  Location     Type
                  2  1332[COMMON] int 
 Registers used:
		wreg, fsr0l, fsr0h, fsr1l, fsr1h, status,2, status,0, pclath, cstack
 Tracked objects:
		On entry : 
		On exit  : 
		Unchanged: 
 Data sizes:     COMMON   BANK0   BANK1   BANK2   BANK3   BANK4   BANK5   BANK6   BANK7   BANK8   BANK9  BANK10  BANK11  BANK12
      Params:         0       0       0       0       0       0       0       0       0       0       0       0       0       0
      Locals:         0       5       0       0       0       0       0       0       0       0       0       0       0       0
      Temps:          0       0       0       0       0       0       0       0       0       0       0       0       0       0
      Totals:         0       5       0       0       0       0       0       0       0       0       0       0       0       0
Total ram usage:        5 bytes
 Hardware stack levels required when called:   11
 This function calls:
		_delay_ms
		_handle_config
		_handle_ic_card
		_handle_timer
		_init_hardware
		_read_24c02
		_uart1_send_byte
		_write_24c02
 This function is called by:
		Startup code after reset
 This function uses a non-reentrant model


 *************** function _init_hardware *****************
 Defined at:
		line 247 in file "../../source/main/main.c"
 Parameters:    Size  Location     Type
		None
 Auto vars:     Size  Location     Type
		None
 Return value:  Size  Location     Type
		None               void
 Registers used:
		wreg, fsr0l, fsr0h, status,2, status,0, pclath, cstack
 Tracked objects:
		On entry : 
		On exit  : 
		Unchanged: 
 Data sizes:     COMMON   BANK0   BANK1   BANK2   BANK3   BANK4   BANK5   BANK6   BANK7   BANK8   BANK9  BANK10  BANK11  BANK12
      Params:         0       0       0       0       0       0       0       0       0       0       0       0       0       0
      Locals:         0       0       0       0       0       0       0       0       0       0       0       0       0       0
      Temps:          0       0       0       0       0       0       0       0       0       0       0       0       0       0
      Totals:         0       0       0       0       0       0       0       0       0       0       0       0       0       0
Total ram usage:        0 bytes
 Hardware stack levels used:    1
 Hardware stack levels required when called:    6
 This function calls:
		_RC500Config
		_RC500OutSelect
		_init_beep
		_init_ds1302
		_init_i2c
		_init_interrupt
		_init_led
		_init_mfrc500
		_init_osc
		_init_port
		_init_timer1
		_init_uart1
		_init_uart2
 This function is called by:
		_main
 This function uses a non-reentrant model


 *************** function _init_uart2 *****************
 Defined at:
		line 197 in file "../../source/driver/uart.c"
 Parameters:    Size  Location     Type
		None
 Auto vars:     Size  Location     Type
		None
 Return value:  Size  Location     Type
		None               void
 Registers used:
		wreg, status,2
 Tracked objects:
		On entry : 
		On exit  : 
		Unchanged: 
 Data sizes:     COMMON   BANK0   BANK1   BANK2   BANK3   BANK4   BANK5   BANK6   BANK7   BANK8   BANK9  BANK10  BANK11  BANK12
      Params:         0       0       0       0       0       0       0       0       0       0       0       0       0       0
      Locals:         0       0       0       0       0       0       0       0       0       0       0       0       0       0
      Temps:          0       0       0       0       0       0       0       0       0       0       0       0       0       0
      Totals:         0       0       0       0       0       0       0       0       0       0       0       0       0       0
Total ram usage:        0 bytes
 Hardware stack levels used:    1
 Hardware stack levels required when called:    1
 This function calls:
		Nothing
 This function is called by:
		_init_hardware
 This function uses a non-reentrant model


 *************** function _init_uart1 *****************
 Defined at:
		line 56 in file "../../source/driver/uart.c"
 Parameters:    Size  Location     Type
		None
 Auto vars:     Size  Location     Type
		None
 Return value:  Size  Location     Type
		None               void
 Registers used:
		wreg, status,2
 Tracked objects:
		On entry : 
		On exit  : 
		Unchanged: 
 Data sizes:     COMMON   BANK0   BANK1   BANK2   BANK3   BANK4   BANK5   BANK6   BANK7   BANK8   BANK9  BANK10  BANK11  BANK12
      Params:         0       0       0       0       0       0       0       0       0       0       0       0       0       0
      Locals:         0       0       0       0       0       0       0       0       0       0       0       0       0       0
      Temps:          0       0       0       0       0       0       0       0       0       0       0       0       0       0
      Totals:         0       0       0       0       0       0       0       0       0       0       0       0       0       0
Total ram usage:        0 bytes
 Hardware stack levels used:    1
 Hardware stack levels required when called:    1
 This function calls:
		Nothing
 This function is called by:
		_init_hardware
 This function uses a non-reentrant model


 *************** function _init_timer1 *****************
 Defined at:
		line 38 in file "../../source/driver/timer.c"
 Parameters:    Size  Location     Type
		None
 Auto vars:     Size  Location     Type
		None
 Return value:  Size  Location     Type
		None               void
 Registers used:
		wreg
 Tracked objects:
		On entry : 
		On exit  : 
		Unchanged: 
 Data sizes:     COMMON   BANK0   BANK1   BANK2   BANK3   BANK4   BANK5   BANK6   BANK7   BANK8   BANK9  BANK10  BANK11  BANK12
      Params:         0       0       0       0       0       0       0       0       0       0       0       0       0       0
      Locals:         0       0       0       0       0       0       0       0       0       0       0       0       0       0
      Temps:          0       0       0       0       0       0       0       0       0       0       0       0       0       0
      Totals:         0       0       0       0       0       0       0       0       0       0       0       0       0       0
Total ram usage:        0 bytes
 Hardware stack levels used:    1
 Hardware stack levels required when called:    1
 This function calls:
		Nothing
 This function is called by:
		_init_hardware
 This function uses a non-reentrant model


 *************** function _init_port *****************
 Defined at:
		line 225 in file "../../source/main/main.c"
 Parameters:    Size  Location     Type
		None
 Auto vars:     Size  Location     Type
		None
 Return value:  Size  Location     Type
		None               void
 Registers used:
		status,2
 Tracked objects:
		On entry : 
		On exit  : 
		Unchanged: 
 Data sizes:     COMMON   BANK0   BANK1   BANK2   BANK3   BANK4   BANK5   BANK6   BANK7   BANK8   BANK9  BANK10  BANK11  BANK12
      Params:         0       0       0       0       0       0       0       0       0       0       0       0       0       0
      Locals:         0       0       0       0       0       0       0       0       0       0       0       0       0       0
      Temps:          0       0       0       0       0       0       0       0       0       0       0       0       0       0
      Totals:         0       0       0       0       0       0       0       0       0       0       0       0       0       0
Total ram usage:        0 bytes
 Hardware stack levels used:    1
 Hardware stack levels required when called:    1
 This function calls:
		Nothing
 This function is called by:
		_init_hardware
 This function uses a non-reentrant model


 *************** function _init_osc *****************
 Defined at:
		line 206 in file "../../source/main/main.c"
 Parameters:    Size  Location     Type
		None
 Auto vars:     Size  Location     Type
		None
 Return value:  Size  Location     Type
		None               void
 Registers used:
		wreg
 Tracked objects:
		On entry : 
		On exit  : 
		Unchanged: 
 Data sizes:     COMMON   BANK0   BANK1   BANK2   BANK3   BANK4   BANK5   BANK6   BANK7   BANK8   BANK9  BANK10  BANK11  BANK12
      Params:         0       0       0       0       0       0       0       0       0       0       0       0       0       0
      Locals:         0       0       0       0       0       0       0       0       0       0       0       0       0       0
      Temps:          0       0       0       0       0       0       0       0       0       0       0       0       0       0
      Totals:         0       0       0       0       0       0       0       0       0       0       0       0       0       0
Total ram usage:        0 bytes
 Hardware stack levels used:    1
 Hardware stack levels required when called:    1
 This function calls:
		Nothing
 This function is called by:
		_init_hardware
 This function uses a non-reentrant model


 *************** function _init_mfrc500 *****************
 Defined at:
		line 55 in file "../../source/driver/mfrc500.c"
 Parameters:    Size  Location     Type
		None
 Auto vars:     Size  Location     Type
		None
 Return value:  Size  Location     Type
		None               void
 Registers used:
		wreg
 Tracked objects:
		On entry : 
		On exit  : 
		Unchanged: 
 Data sizes:     COMMON   BANK0   BANK1   BANK2   BANK3   BANK4   BANK5   BANK6   BANK7   BANK8   BANK9  BANK10  BANK11  BANK12
      Params:         0       0       0       0       0       0       0       0       0       0       0       0       0       0
      Locals:         0       0       0       0       0       0       0       0       0       0       0       0       0       0
      Temps:          0       0       0       0       0       0       0       0       0       0       0       0       0       0
      Totals:         0       0       0       0       0       0       0       0       0       0       0       0       0       0
Total ram usage:        0 bytes
 Hardware stack levels used:    1
 Hardware stack levels required when called:    1
 This function calls:
		Nothing
 This function is called by:
		_init_hardware
 This function uses a non-reentrant model


 *************** function _init_led *****************
 Defined at:
		line 44 in file "../../source/driver/led.c"
 Parameters:    Size  Location     Type
		None
 Auto vars:     Size  Location     Type
		None
 Return value:  Size  Location     Type
		None               void
 Registers used:
		None
 Tracked objects:
		On entry : 
		On exit  : 
		Unchanged: 
 Data sizes:     COMMON   BANK0   BANK1   BANK2   BANK3   BANK4   BANK5   BANK6   BANK7   BANK8   BANK9  BANK10  BANK11  BANK12
      Params:         0       0       0       0       0       0       0       0       0       0       0       0       0       0
      Locals:         0       0       0       0       0       0       0       0       0       0       0       0       0       0
      Temps:          0       0       0       0       0       0       0       0       0       0       0       0       0       0
      Totals:         0       0       0       0       0       0       0       0       0       0       0       0       0       0
Total ram usage:        0 bytes
 Hardware stack levels used:    1
 Hardware stack levels required when called:    1
 This function calls:
		Nothing
 This function is called by:
		_init_hardware
 This function uses a non-reentrant model


 *************** function _init_interrupt *****************
 Defined at:
		line 217 in file "../../source/driver/interrupt.c"
 Parameters:    Size  Location     Type
		None
 Auto vars:     Size  Location     Type
		None
 Return value:  Size  Location     Type
		None               void
 Registers used:
		None
 Tracked objects:
		On entry : 
		On exit  : 
		Unchanged: 
 Data sizes:     COMMON   BANK0   BANK1   BANK2   BANK3   BANK4   BANK5   BANK6   BANK7   BANK8   BANK9  BANK10  BANK11  BANK12
      Params:         0       0       0       0       0       0       0       0       0       0       0       0       0       0
      Locals:         0       0       0       0       0       0       0       0       0       0       0       0       0       0
      Temps:          0       0       0       0       0       0       0       0       0       0       0       0       0       0
      Totals:         0       0       0       0       0       0       0       0       0       0       0       0       0       0
Total ram usage:        0 bytes
 Hardware stack levels used:    1
 Hardware stack levels required when called:    1
 This function calls:
		Nothing
 This function is called by:
		_init_hardware
 This function uses a non-reentrant model


 *************** function _init_i2c *****************
 Defined at:
		line 45 in file "../../source/driver/24c02.c"
 Parameters:    Size  Location     Type
		None
 Auto vars:     Size  Location     Type
		None
 Return value:  Size  Location     Type
		None               void
 Registers used:
		None
 Tracked objects:
		On entry : 
		On exit  : 
		Unchanged: 
 Data sizes:     COMMON   BANK0   BANK1   BANK2   BANK3   BANK4   BANK5   BANK6   BANK7   BANK8   BANK9  BANK10  BANK11  BANK12
      Params:         0       0       0       0       0       0       0       0       0       0       0       0       0       0
      Locals:         0       0       0       0       0       0       0       0       0       0       0       0       0       0
[...]
Total ram usage:        0 bytes
 Hardware stack levels used:    1
 Hardware stack levels required when called:    1
 This function calls:
		Nothing
 This function is called by:
		_write_24c02
		_read_24c02
 This function uses a non-reentrant model


 *************** function _send_byte *****************
 Defined at:
		line 111 in file "../../source/driver/24c02.c"
 Parameters:    Size  Location     Type
  write_data      1    wreg     unsigned char 
 Auto vars:     Size  Location     Type
  write_data      1    0[COMMON] unsigned char 
  i               1    1[COMMON] unsigned char 
 Return value:  Size  Location     Type
		None               void
 Registers used:
		wreg, status,2, status,0
 Tracked objects:
		On entry : 
		On exit  : 
		Unchanged: 
 Data sizes:     COMMON   BANK0   BANK1   BANK2   BANK3   BANK4   BANK5   BANK6   BANK7   BANK8   BANK9  BANK10  BANK11  BANK12
      Params:         0       0       0       0       0       0       0       0       0       0       0       0       0       0
      Locals:         2       0       0       0       0       0       0       0       0       0       0       0       0       0
      Temps:          0       0       0       0       0       0       0       0       0       0       0       0       0       0
      Totals:         2       0       0       0       0       0       0       0       0       0       0       0       0       0
Total ram usage:        2 bytes
 Hardware stack levels used:    1
 Hardware stack levels required when called:    1
 This function calls:
		Nothing
 This function is called by:
		_write_24c02
		_read_24c02
 This function uses a non-reentrant model


 *************** function _rece_byte *****************
 Defined at:
		line 85 in file "../../source/driver/24c02.c"
 Parameters:    Size  Location     Type
		None
 Auto vars:     Size  Location     Type
  i               1    1[COMMON] unsigned char 
  read_data       1    0[COMMON] unsigned char 
 Return value:  Size  Location     Type
                  1    wreg      unsigned char 
 Registers used:
		wreg, status,2, status,0
 Tracked objects:
		On entry : 
		On exit  : 
		Unchanged: 
 Data sizes:     COMMON   BANK0   BANK1   BANK2   BANK3   BANK4   BANK5   BANK6   BANK7   BANK8   BANK9  BANK10  BANK11  BANK12
      Params:         0       0       0       0       0       0       0       0       0       0       0       0       0       0
      Locals:         2       0       0       0       0       0       0       0       0       0       0       0       0       0
      Temps:          0       0       0       0       0       0       0       0       0       0       0       0       0       0
      Totals:         2       0       0       0       0       0       0       0       0       0       0       0       0       0
Total ram usage:        2 bytes
 Hardware stack levels used:    1
 Hardware stack levels required when called:    1
 This function calls:
		Nothing
 This function is called by:
		_read_24c02
 This function uses a non-reentrant model


 *************** function _find_project_key *****************
 Defined at:
		line 51 in file "../../source/application/handle_config.c"
 Parameters:    Size  Location     Type
  data            1    wreg     unsigned char 
 Auto vars:     Size  Location     Type
  data            1    0[COMMON] unsigned char 
  i               2    1[COMMON] unsigned short 
 Return value:  Size  Location     Type
                  1    wreg      unsigned char 
 Registers used:
		wreg, fsr0l, fsr0h, status,2, status,0, pclath
 Tracked objects:
		On entry : 
		On exit  : 
		Unchanged: 
 Data sizes:     COMMON   BANK0   BANK1   BANK2   BANK3   BANK4   BANK5   BANK6   BANK7   BANK8   BANK9  BANK10  BANK11  BANK12
      Params:         0       0       0       0       0       0       0       0       0       0       0       0       0       0
      Locals:         3       0       0       0       0       0       0       0       0       0       0       0       0       0
      Temps:          0       0       0       0       0       0       0       0       0       0       0       0       0       0
      Totals:         3       0       0       0       0       0       0       0       0       0       0       0       0       0
Total ram usage:        3 bytes
 Hardware stack levels used:    1
 Hardware stack levels required when called:    1
 This function calls:
		Nothing
 This function is called by:
		_handle_config
 This function uses a non-reentrant model


 *************** function _ds1302_set_time *****************
 Defined at:
		line 188 in file "../../source/driver/ds1302.c"
 Parameters:    Size  Location     Type
		None
 Auto vars:     Size  Location     Type
		None
 Return value:  Size  Location     Type
		None               void
 Registers used:
		wreg, status,2, status,0, pclath, cstack
 Tracked objects:
		On entry : 
		On exit  : 
		Unchanged: 
 Data sizes:     COMMON   BANK0   BANK1   BANK2   BANK3   BANK4   BANK5   BANK6   BANK7   BANK8   BANK9  BANK10  BANK11  BANK12
      Params:         0       0       0       0       0       0       0       0       0       0       0       0       0       0
      Locals:         0       0       0       0       0       0       0       0       0       0       0       0       0       0
      Temps:          0       0       0       0       0       0       0       0       0       0       0       0       0       0
      Totals:         0       0       0       0       0       0       0       0       0       0       0       0       0       0
Total ram usage:        0 bytes
 Hardware stack levels used:    1
 Hardware stack levels required when called:    3
 This function calls:
		_ds1302_write
 This function is called by:
		_handle_config
		_read_card_content
 This function uses a non-reentrant model


 *************** function _ds1302_write *****************
 Defined at:
		line 150 in file "../../source/driver/ds1302.c"
 Parameters:    Size  Location     Type
  address         1    wreg     unsigned char 
  data            1    2[COMMON] unsigned char 
 Auto vars:     Size  Location     Type
  address         1    3[COMMON] unsigned char 
 Return value:  Size  Location     Type
		None               void
 Registers used:
		wreg, status,2, status,0, pclath, cstack
 Tracked objects:
		On entry : 
		On exit  : 
		Unchanged: 
 Data sizes:     COMMON   BANK0   BANK1   BANK2   BANK3   BANK4   BANK5   BANK6   BANK7   BANK8   BANK9  BANK10  BANK11  BANK12
      Params:         1       0       0       0       0       0       0       0       0       0       0       0       0       0
      Locals:         1       0       0       0       0       0       0       0       0       0       0       0       0       0
      Temps:          0       0       0       0       0       0       0       0       0       0       0       0       0       0
      Totals:         2       0       0       0       0       0       0       0       0       0       0       0       0       0
Total ram usage:        2 bytes
 Hardware stack levels used:    1
 Hardware stack levels required when called:    2
 This function calls:
		_ds1302_write_byte
 This function is called by:
		_ds1302_set_time
 This function uses a non-reentrant model


 *************** function _ds1302_get_time *****************
 Defined at:
		line 173 in file "../../source/driver/ds1302.c"
 Parameters:    Size  Location     Type
		None
 Auto vars:     Size  Location     Type
		None
 Return value:  Size  Location     Type
		None               void
 Registers used:
		wreg, status,2, status,0, pclath, cstack
 Tracked objects:
		On entry : 
		On exit  : 
		Unchanged: 
 Data sizes:     COMMON   BANK0   BANK1   BANK2   BANK3   BANK4   BANK5   BANK6   BANK7   BANK8   BANK9  BANK10  BANK11  BANK12
      Params:         0       0       0       0       0       0       0       0       0       0       0       0       0       0
      Locals:         0       0       0       0       0       0       0       0       0       0       0       0       0       0
      Temps:          0       0       0       0       0       0       0       0       0       0       0       0       0       0
      Totals:         0       0       0       0       0       0       0       0       0       0       0       0       0       0
Total ram usage:        0 bytes
 Hardware stack levels used:    1
 Hardware stack levels required when called:    3
 This function calls:
		_ds1302_read
 This function is called by:
		_handle_config
		_read_card_content
 This function uses a non-reentrant model


 *************** function _ds1302_read *****************
 Defined at:
		line 124 in file "../../source/driver/ds1302.c"
 Parameters:    Size  Location     Type
  address         1    wreg     unsigned char 
 Auto vars:     Size  Location     Type
  address         1    2[COMMON] unsigned char 
  temp            1    3[COMMON] unsigned char 
 Return value:  Size  Location     Type
                  1    wreg      unsigned char 
 Registers used:
		wreg, status,2, status,0, pclath, cstack
 Tracked objects:
		On entry : 
		On exit  : 
		Unchanged: 
 Data sizes:     COMMON   BANK0   BANK1   BANK2   BANK3   BANK4   BANK5   BANK6   BANK7   BANK8   BANK9  BANK10  BANK11  BANK12
      Params:         0       0       0       0       0       0       0       0       0       0       0       0       0       0
      Locals:         2       0       0       0       0       0       0       0       0       0       0       0       0       0
      Temps:          0       0       0       0       0       0       0       0       0       0       0       0       0       0
      Totals:         2       0       0       0       0       0       0       0       0       0       0       0       0       0
Total ram usage:        2 bytes
 Hardware stack levels used:    1
 Hardware stack levels required when called:    2
 This function calls:
		_ds1302_read_byte
		_ds1302_write_byte
 This function is called by:
		_ds1302_get_time
 This function uses a non-reentrant model


 *************** function _ds1302_write_byte *****************
 Defined at:
		line 66 in file "../../source/driver/ds1302.c"
 Parameters:    Size  Location     Type
  data            1    wreg     unsigned char 
 Auto vars:     Size  Location     Type
  data            1    0[COMMON] unsigned char 
  i               1    1[COMMON] unsigned char 
 Return value:  Size  Location     Type
		None               void
 Registers used:
		wreg, status,2, status,0
 Tracked objects:
		On entry : 
		On exit  : 
		Unchanged: 
 Data sizes:     COMMON   BANK0   BANK1   BANK2   BANK3   BANK4   BANK5   BANK6   BANK7   BANK8   BANK9  BANK10  BANK11  BANK12
      Params:         0       0       0       0       0       0       0       0       0       0       0       0       0       0
      Locals:         2       0       0       0       0       0       0       0       0       0       0       0       0       0
      Temps:          0       0       0       0       0       0       0       0       0       0       0       0       0       0
      Totals:         2       0       0       0       0       0       0       0       0       0       0       0       0       0
Total ram usage:        2 bytes
 Hardware stack levels used:    1
 Hardware stack levels required when called:    1
 This function calls:
		Nothing
 This function is called by:
		_ds1302_read
		_ds1302_write
 This function uses a non-reentrant model


 *************** function _ds1302_read_byte *****************
 Defined at:
		line 97 in file "../../source/driver/ds1302.c"
 Parameters:    Size  Location     Type
		None
 Auto vars:     Size  Location     Type
  i               1    1[COMMON] unsigned char 
  data            1    0[COMMON] unsigned char 
 Return value:  Size  Location     Type
                  1    wreg      unsigned char 
 Registers used:
		wreg, status,2, status,0
 Tracked objects:
		On entry : 
		On exit  : 
		Unchanged: 
 Data sizes:     COMMON   BANK0   BANK1   BANK2   BANK3   BANK4   BANK5   BANK6   BANK7   BANK8   BANK9  BANK10  BANK11  BANK12
      Params:         0       0       0       0       0       0       0       0       0       0       0       0       0       0
      Locals:         2       0       0       0       0       0       0       0       0       0       0       0       0       0
      Temps:          0       0       0       0       0       0       0       0       0       0       0       0       0       0
      Totals:         2       0       0       0       0       0       0       0       0       0       0       0       0       0
Total ram usage:        2 bytes
 Hardware stack levels used:    1
 Hardware stack levels required when called:    1
 This function calls:
		Nothing
 This function is called by:
		_ds1302_read
 This function uses a non-reentrant model


 *************** function _isr *****************
 Defined at:
		line 79 in file "../../source/driver/interrupt.c"
 Parameters:    Size  Location     Type
		None
 Auto vars:     Size  Location     Type
  data_length     1    0        unsigned char 
 Return value:  Size  Location     Type
		None               void
 Registers used:
		wreg, fsr1l, fsr1h, status,2, status,0
 Tracked objects:
		On entry : 
		On exit  : 
		Unchanged: 
 Data sizes:     COMMON   BANK0   BANK1   BANK2   BANK3   BANK4   BANK5   BANK6   BANK7   BANK8   BANK9  BANK10  BANK11  BANK12
      Params:         0       0       0       0       0       0       0       0       0       0       0       0       0       0
      Locals:         0       0       0       0       0       0       0       0       0       0       0       0       0       0
      Temps:          0       0       0       0       0       0       0       0       0       0       0       0       0       0
      Totals:         0       0       0       0       0       0       0       0       0       0       0       0       0       0
Total ram usage:        0 bytes
 Hardware stack levels used:    1
 This function calls:
		Nothing
 This function is called by:
		Interrupt level 1
 This function uses a non-reentrant model



MODULE INFORMATION

Module		Function		Class		Link	Load	Size
C:\Program Files (x86)\Microchip\xc8\v1.31\sources\common\awdiv.c
		___awdiv       		CODE           	1791	0000	64

C:\Program Files (x86)\Microchip\xc8\v1.31\sources\common\awdiv.c estimated size: 64

../../source/driver/led.c
		_init_led      		CODE           	10AB	0000	7

../../source/driver/led.c estimated size: 7

shared
		PL12           		CODE           	13FB	0000	8
		PL8            		CODE           	0FCC	0000	9
		PL22           		CODE           	0FE2	0000	6
		PL14           		CODE           	0FD5	0000	7
		_PWD_TABLE     		STRCODE        	1801	0000	256
		PL24           		CODE           	1403	0000	6
		__stringtab    		STRCODE        	1800	0000	1
		__stringdata   		STRCODE        	1901	0000	5
		PL16           		CODE           	0FDC	0000	6
		PL26           		CODE           	1409	0000	6
		PL18           		CODE           	17F3	0000	7
		PL28           		CODE           	140F	0000	5
		__initializatio		CODE           	0079	0000	36
		PL2            		CODE           	0FBA	0000	9
		PL10           		CODE           	17EB	0000	8
		PL4            		CODE           	0FC3	0000	9
		PL20           		CODE           	17FA	0000	6
		PL6            		CODE           	07E4	0000	10

shared estimated size: 400

../../source/driver/ds1302.c
		_ds1302_read_by		CODE           	0F98	0000	25
		_ds1302_write_b		CODE           	0E6B	0000	26
		_ds1302_get_tim		CODE           	0DE1	0000	36
		_ds1302_set_tim		CODE           	0E1E	0000	53
		_init_ds1302   		CODE           	108E	0000	20
		_ds1302_read   		CODE           	0E05	0000	25
		_ds1302_write  		CODE           	0E53	0000	24

../../source/driver/ds1302.c estimated size: 209

../../source/driver/mfrc500.c
		_RC500OutSelect		CODE           	10FB	0000	7
		_Mf500PiccAuthS		CODE           	0D60	0000	82
		_Mf500HostCodeK		CODE           	0EFB	0000	48
		_ReadRC        		CODE           	1778	0000	15
		_Mf500PiccSelec		CODE           	0F32	0000	5
		_init_mfrc500  		CODE           	10B2	0000	15
		_FlushFIFO     		CODE           	0EF7	0000	4
		_PutRC500      		CODE           	13CC	0000	25
		_PcdSingleRespo		CODE           	1612	0000	265
		_ClearBitMask  		CODE           	1787	0000	10
		_Mf500PiccCommo		CODE           	1027	0000	68
		_RC500Config   		CODE           	171B	0000	76
		_Mf500PiccCascA		CODE           	1484	0000	333
		_PcdSetTmo     		CODE           	15D1	0000	65
		_WriteRC       		CODE           	1767	0000	17
		_Mf500PiccRead 		CODE           	0786	0000	94
		_PcdRfReset    		CODE           	17D1	0000	26
		_Mf500PiccLoadK		CODE           	0EE1	0000	22
		_Mf500PiccReque		CODE           	0F4F	0000	6
		_SetBitMask    		CODE           	0FB1	0000	9
		_Mf500PiccWrite		CODE           	1414	0000	112
		_Mf500PiccCascS		CODE           	1FC1	0000	63
		_Mf500PiccAntic		CODE           	0F47	0000	8
		_GetRC500      		CODE           	13E5	0000	22
		_PcdReset      		CODE           	1270	0000	116
		_ISR_RC500     		CODE           	12E4	0000	232

../../source/driver/mfrc500.c estimated size: 1745

../../source/driver/24c02.c
		_stop_i2c      		CODE           	0E98	0000	17
		_send_byte     		CODE           	0C86	0000	42
		_read_24c02    		CODE           	0C72	0000	20
		_start_i2c     		CODE           	0CB0	0000	22
		_rece_byte     		CODE           	0CE1	0000	27
		_write_24c02   		CODE           	0BAC	0000	18
		_read_eeprom   		CODE           	0BBE	0000	10
		_init_i2c      		CODE           	10A2	0000	6

../../source/driver/24c02.c estimated size: 162

../../source/driver/delay.c
		_delay_ms      		CODE           	0CC6	0000	27

../../source/driver/delay.c estimated size: 27

../../source/driver/beep.c
		_handle_beep   		CODE           	0FE8	0000	24
		_init_beep     		CODE           	108A	0000	4

../../source/driver/beep.c estimated size: 28

../../source/application/other.c
		_checksum      		CODE           	0E85	0000	19

../../source/application/other.c estimated size: 19

../../source/application/handle_config.c
		_find_project_k		CODE           	0EA9	0000	26
		_handle_config 		CODE           	09B0	0000	499

../../source/application/handle_config.c estimated size: 525

../../source/driver/interrupt.c
		_init_interrupt		CODE           	10A8	0000	3
		_isr           		CODE           	0004	0000	115

../../source/driver/interrupt.c estimated size: 118

../../source/main/main.c
		_init_hardware 		CODE           	106B	0000	31
		_init_port     		CODE           	10C5	0000	7
		_main          		CODE           	0BC8	0000	170
		_init_osc      		CODE           	10C1	0000	4

../../source/main/main.c estimated size: 212

../../source/application/handle_timer.c
		_handle_timer  		CODE           	0F86	0000	18

../../source/application/handle_timer.c estimated size: 18

../../source/driver/timer.c
		_init_timer1   		CODE           	10CC	0000	9

../../source/driver/timer.c estimated size: 9

../../source/driver/uart.c
		_uart1_send_byt		CODE           	0BA3	0000	9
		_init_uart1    		CODE           	10D5	0000	17
		_init_uart2    		CODE           	10E6	0000	21

../../source/driver/uart.c estimated size: 47

C:\Program Files (x86)\Microchip\xc8\v1.31\sources\common\memcpy.c
		_memcpy        		CODE           	0EC3	0000	30

C:\Program Files (x86)\Microchip\xc8\v1.31\sources\common\memcpy.c estimated size: 30

../../source/application/handle_ic_card.c
		_same_id       		CODE           	0F6E	0000	24
		_rfcard        		CODE           	0F37	0000	16
		_checkpsw      		CODE           	0D51	0000	15
		_check_user_car		CODE           	0DB2	0000	47
		_read_id       		CODE           	0F2B	0000	7
		_handle_ic_card		CODE           	0CFC	0000	85
		_checkpsw_super		CODE           	0F55	0000	25
		_read_card_cont		CODE           	081E	0000	402

../../source/application/handle_ic_card.c estimated size: 621

../../source/application/handle_floor.c
		_deal_floor    		CODE           	1102	0000	4294964866

../../source/application/handle_floor.c estimated size: 4294964866

